Component: ARM Compiler 5.06 update 4 (build 422) Tool: armlink [4d35d2]

==============================================================================

Section Cross References

    main.o(.text) refers to _printf_percent.o(.ARM.Collect$$_printf_percent$$00000000) for _printf_percent
    main.o(.text) refers to _printf_f.o(.ARM.Collect$$_printf_percent$$00000003) for _printf_f
    main.o(.text) refers to printf1.o(x$fpl$printf1) for _printf_fp_dec
    main.o(.text) refers to _printf_d.o(.ARM.Collect$$_printf_percent$$00000009) for _printf_d
    main.o(.text) refers to _printf_dec.o(.text) for _printf_int_dec
    main.o(.text) refers to f2d.o(x$fpl$f2d) for __aeabi_f2d
    main.o(.text) refers to noretval__2sprintf.o(.text) for __2sprintf
    main.o(.text) refers to fflt_clz.o(x$fpl$ffltu) for __aeabi_ui2f
    main.o(.text) refers to fdiv.o(x$fpl$fdiv) for __aeabi_fdiv
    main.o(.text) refers to faddsub_clz.o(x$fpl$fadd) for __aeabi_fadd
    main.o(.text) refers to faddsub_clz.o(x$fpl$fsub) for __aeabi_fsub
    main.o(.text) refers to fmul.o(x$fpl$fmul) for __aeabi_fmul
    main.o(.text) refers to delay.o(.text) for delay_init
    main.o(.text) refers to misc.o(.text) for NVIC_PriorityGroupConfig
    main.o(.text) refers to usart.o(.text) for uart_init
    main.o(.text) refers to timer.o(.text) for TIM3_Mode_Config
    main.o(.text) refers to flagconfig.o(.text) for init__measureFlag
    main.o(.text) refers to exti.o(.text) for EXTIX_Init
    main.o(.text) refers to led.o(.text) for LED_Init
    main.o(.text) refers to stm32f10x_gpio.o(.text) for GPIO_SetBits
    main.o(.text) refers to rt_memcpy_w.o(.text) for __aeabi_memcpy4
    main.o(.text) refers to strcat.o(.text) for strcat
    main.o(.text) refers to strlen.o(.text) for strlen
    main.o(.text) refers to ddiv.o(x$fpl$ddiv) for __aeabi_ddiv
    main.o(.text) refers to main.o(.data) for boot
    main.o(.text) refers to usart.o(.data) for USART_RX_STA
    main.o(.text) refers to usart.o(.bss) for USART_RX_BUF
    main.o(.text) refers to main.o(.constdata) for .constdata
    main.o(.text) refers to flagconfig.o(.bss) for _measureFlag
    main.o(.text) refers to timer.o(.data) for motorv
    main.o(.text) refers to feqf.o(x$fpl$feqf) for __aeabi_cfcmpeq
    system_stm32f10x.o(.text) refers to system_stm32f10x.o(.data) for SystemCoreClock
    flagconfig.o(.text) refers to flagconfig.o(.bss) for _measureFlag
    led.o(.text) refers to stm32f10x_rcc.o(.text) for RCC_APB2PeriphClockCmd
    led.o(.text) refers to stm32f10x_gpio.o(.text) for GPIO_Init
    key.o(.text) refers to stm32f10x_rcc.o(.text) for RCC_APB2PeriphClockCmd
    key.o(.text) refers to stm32f10x_gpio.o(.text) for GPIO_Init
    key.o(.text) refers to delay.o(.text) for delay_ms
    key.o(.text) refers to key.o(.data) for key_up
    timer.o(.text) refers to _printf_percent.o(.ARM.Collect$$_printf_percent$$00000000) for _printf_percent
    timer.o(.text) refers to _printf_d.o(.ARM.Collect$$_printf_percent$$00000009) for _printf_d
    timer.o(.text) refers to _printf_f.o(.ARM.Collect$$_printf_percent$$00000003) for _printf_f
    timer.o(.text) refers to _printf_dec.o(.text) for _printf_int_dec
    timer.o(.text) refers to printf1.o(x$fpl$printf1) for _printf_fp_dec
    timer.o(.text) refers to stm32f10x_rcc.o(.text) for RCC_APB2PeriphClockCmd
    timer.o(.text) refers to stm32f10x_gpio.o(.text) for GPIO_StructInit
    timer.o(.text) refers to stm32f10x_tim.o(.text) for TIM_DeInit
    timer.o(.text) refers to misc.o(.text) for NVIC_Init
    timer.o(.text) refers to fflt_clz.o(x$fpl$ffltu) for __aeabi_ui2f
    timer.o(.text) refers to f2d.o(x$fpl$f2d) for __aeabi_f2d
    timer.o(.text) refers to ddiv.o(x$fpl$ddiv) for __aeabi_ddiv
    timer.o(.text) refers to d2f.o(x$fpl$d2f) for __aeabi_d2f
    timer.o(.text) refers to noretval__2printf.o(.text) for __2printf
    timer.o(.text) refers to frleqf.o(x$fpl$frleqf) for __aeabi_cfrcmple
    timer.o(.text) refers to timer.o(.data) for countnew
    timer.o(.text) refers to flagconfig.o(.bss) for _measureFlag
    exti.o(.text) refers to key.o(.text) for KEY_Init
    exti.o(.text) refers to stm32f10x_rcc.o(.text) for RCC_APB2PeriphClockCmd
    exti.o(.text) refers to stm32f10x_gpio.o(.text) for GPIO_EXTILineConfig
    exti.o(.text) refers to stm32f10x_exti.o(.text) for EXTI_Init
    exti.o(.text) refers to misc.o(.text) for NVIC_Init
    exti.o(.text) refers to delay.o(.text) for delay_ms
    exti.o(.text) refers to flagconfig.o(.bss) for _measureFlag
    delay.o(.text) refers to misc.o(.text) for SysTick_CLKSourceConfig
    delay.o(.text) refers to system_stm32f10x.o(.data) for SystemCoreClock
    delay.o(.text) refers to delay.o(.data) for fac_us
    usart.o(.text) refers (Special) to use_no_semi_2.o(.text) for __use_no_semihosting
    usart.o(.text) refers to stm32f10x_rcc.o(.text) for RCC_APB2PeriphClockCmd
    usart.o(.text) refers to stm32f10x_gpio.o(.text) for GPIO_Init
    usart.o(.text) refers to misc.o(.text) for NVIC_Init
[...]
    ../clib/locale.s                         0x00000000   Number         0  lc_numeric_c.o ABSOLUTE
    ../clib/longlong.s                       0x00000000   Number         0  lludiv10.o ABSOLUTE
    ../clib/memcpset.s                       0x00000000   Number         0  strcmpv7m.o ABSOLUTE
    ../clib/memcpset.s                       0x00000000   Number         0  rt_memcpy_w.o ABSOLUTE
    ../clib/misc.s                           0x00000000   Number         0  printf_stubs.o ABSOLUTE
    ../clib/printf.c                         0x00000000   Number         0  __printf_flags_wp.o ABSOLUTE
    ../clib/printf.c                         0x00000000   Number         0  noretval__2printf.o ABSOLUTE
    ../clib/printf.c                         0x00000000   Number         0  __2sprintf.o ABSOLUTE
    ../clib/printf.c                         0x00000000   Number         0  __2printf.o ABSOLUTE
    ../clib/printf.c                         0x00000000   Number         0  _printf_intcommon.o ABSOLUTE
    ../clib/printf.c                         0x00000000   Number         0  _printf_fp_dec.o ABSOLUTE
    ../clib/printf.c                         0x00000000   Number         0  _printf_char_common.o ABSOLUTE
    ../clib/printf.c                         0x00000000   Number         0  _sputc.o ABSOLUTE
    ../clib/printf.c                         0x00000000   Number         0  __printf_nopercent.o ABSOLUTE
    ../clib/printf.c                         0x00000000   Number         0  _printf_dec.o ABSOLUTE
    ../clib/printf.c                         0x00000000   Number         0  __printf_flags.o ABSOLUTE
    ../clib/printf.c                         0x00000000   Number         0  __printf_ss.o ABSOLUTE
    ../clib/printf.c                         0x00000000   Number         0  __printf_flags_ss.o ABSOLUTE
    ../clib/printf.c                         0x00000000   Number         0  __printf_wp.o ABSOLUTE
    ../clib/printf.c                         0x00000000   Number         0  __printf_ss_wp.o ABSOLUTE
    ../clib/printf.c                         0x00000000   Number         0  __printf_flags_ss_wp.o ABSOLUTE
    ../clib/printf.c                         0x00000000   Number         0  _printf_fp_infnan.o ABSOLUTE
    ../clib/printf.c                         0x00000000   Number         0  __printf.o ABSOLUTE
    ../clib/printf.c                         0x00000000   Number         0  _printf_char_file.o ABSOLUTE
    ../clib/printf.c                         0x00000000   Number         0  noretval__2sprintf.o ABSOLUTE
    ../clib/printf_percent.s                 0x00000000   Number         0  _printf_d.o ABSOLUTE
    ../clib/printf_percent.s                 0x00000000   Number         0  _printf_f.o ABSOLUTE
    ../clib/printf_percent.s                 0x00000000   Number         0  _printf_percent_end.o ABSOLUTE
    ../clib/printf_percent.s                 0x00000000   Number         0  _printf_percent.o ABSOLUTE
    ../clib/signal.c                         0x00000000   Number         0  defsig_rtred_inner.o ABSOLUTE
    ../clib/signal.c                         0x00000000   Number         0  defsig_other.o ABSOLUTE
    ../clib/signal.c                         0x00000000   Number         0  defsig_fpe_inner.o ABSOLUTE
    ../clib/signal.c                         0x00000000   Number         0  defsig_abrt_inner.o ABSOLUTE
    ../clib/signal.c                         0x00000000   Number         0  defsig_rtmem_inner.o ABSOLUTE
    ../clib/signal.c                         0x00000000   Number         0  defsig_exit.o ABSOLUTE
    ../clib/signal.c                         0x00000000   Number         0  defsig_rtmem_outer.o ABSOLUTE
    ../clib/signal.c                         0x00000000   Number         0  defsig_stak_inner.o ABSOLUTE
    ../clib/signal.c                         0x00000000   Number         0  defsig_general.o ABSOLUTE
    ../clib/signal.c                         0x00000000   Number         0  defsig_rtmem_formal.o ABSOLUTE
    ../clib/signal.c                         0x00000000   Number         0  __raise.o ABSOLUTE
    ../clib/signal.c                         0x00000000   Number         0  defsig_pvfn_inner.o ABSOLUTE
    ../clib/signal.c                         0x00000000   Number         0  defsig_cppl_inner.o ABSOLUTE
    ../clib/signal.c                         0x00000000   Number         0  defsig_segv_inner.o ABSOLUTE
    ../clib/signal.s                         0x00000000   Number         0  defsig.o ABSOLUTE
    ../clib/stdio.c                          0x00000000   Number         0  ferror_locked.o ABSOLUTE
    ../clib/stdio.c                          0x00000000   Number         0  ferror.o ABSOLUTE
    ../clib/stdlib.c                         0x00000000   Number         0  exit.o ABSOLUTE
    ../clib/string.c                         0x00000000   Number         0  strcat.o ABSOLUTE
    ../clib/string.c                         0x00000000   Number         0  strlen.o ABSOLUTE
    ../fplib/d2f.s                           0x00000000   Number         0  d2f.o ABSOLUTE
    ../fplib/ddiv.s                          0x00000000   Number         0  ddiv.o ABSOLUTE
    ../fplib/dnaninf.s                       0x00000000   Number         0  dnaninf.o ABSOLUTE
    ../fplib/dretinf.s                       0x00000000   Number         0  dretinf.o ABSOLUTE
    ../fplib/f2d.s                           0x00000000   Number         0  f2d.o ABSOLUTE
    ../fplib/faddsub.s                       0x00000000   Number         0  faddsub_clz.o ABSOLUTE
    ../fplib/fcmpi.s                         0x00000000   Number         0  fcmpi.o ABSOLUTE
    ../fplib/fdiv.s                          0x00000000   Number         0  fdiv.o ABSOLUTE
    ../fplib/feqf.s                          0x00000000   Number         0  feqf.o ABSOLUTE
    ../fplib/fflt.s                          0x00000000   Number         0  fflt_clz.o ABSOLUTE
    ../fplib/fleqf.s                         0x00000000   Number         0  fleqf.o ABSOLUTE
    ../fplib/fmul.s                          0x00000000   Number         0  fmul.o ABSOLUTE
    ../fplib/fnaninf.s                       0x00000000   Number         0  fnaninf.o ABSOLUTE
    ../fplib/fpinit.s                        0x00000000   Number         0  fpinit.o ABSOLUTE
    ../fplib/fretinf.s                       0x00000000   Number         0  fretinf.o ABSOLUTE
    ../fplib/frleqf.s                        0x00000000   Number         0  frleqf.o ABSOLUTE
    ../fplib/istatus.s                       0x00000000   Number         0  istatus.o ABSOLUTE
    ../fplib/printf1.s                       0x00000000   Number         0  printf1.o ABSOLUTE
    ../fplib/usenofp.s                       0x00000000   Number         0  usenofp.o ABSOLUTE
    ../mathlib/fpclassify.c                  0x00000000   Number         0  fpclassify.o ABSOLUTE
    ..\CORE\core_cm3.c                       0x00000000   Number         0  core_cm3.o ABSOLUTE
    ..\CORE\startup_stm32f10x_md.s           0x00000000   Number         0  startup_stm32f10x_md.o ABSOLUTE
    ..\HARDWARE\EXTI\exti.c                  0x00000000   Number         0  exti.o ABSOLUTE
    ..\HARDWARE\KEY\key.c                    0x00000000   Number         0  key.o ABSOLUTE
    ..\HARDWARE\LED\led.c                    0x00000000   Number         0  led.o ABSOLUTE
    ..\HARDWARE\TIMER\timer.c                0x00000000   Number         0  timer.o ABSOLUTE
    ..\STM32F10x_FWLib\src\misc.c            0x00000000   Number         0  misc.o ABSOLUTE
    ..\STM32F10x_FWLib\src\stm32f10x_exti.c  0x00000000   Number         0  stm32f10x_exti.o ABSOLUTE
    ..\STM32F10x_FWLib\src\stm32f10x_gpio.c  0x00000000   Number         0  stm32f10x_gpio.o ABSOLUTE
    ..\STM32F10x_FWLib\src\stm32f10x_rcc.c   0x00000000   Number         0  stm32f10x_rcc.o ABSOLUTE
    ..\STM32F10x_FWLib\src\stm32f10x_tim.c   0x00000000   Number         0  stm32f10x_tim.o ABSOLUTE
    ..\STM32F10x_FWLib\src\stm32f10x_usart.c 0x00000000   Number         0  stm32f10x_usart.o ABSOLUTE
    ..\SYSTEM\delay\delay.c                  0x00000000   Number         0  delay.o ABSOLUTE
    ..\SYSTEM\sys\sys.c                      0x00000000   Number         0  sys.o ABSOLUTE
    ..\SYSTEM\usart\usart.c                  0x00000000   Number         0  usart.o ABSOLUTE
    ..\\CORE\\core_cm3.c                     0x00000000   Number         0  core_cm3.o ABSOLUTE
    ..\\SYSTEM\\sys\\sys.c                   0x00000000   Number         0  sys.o ABSOLUTE
    dc.s                                     0x00000000   Number         0  dc.o ABSOLUTE
    flagConfig\flagConfig.c                  0x00000000   Number         0  flagconfig.o ABSOLUTE
    main.c                                   0x00000000   Number         0  main.o ABSOLUTE
    stm32f10x_it.c                           0x00000000   Number         0  stm32f10x_it.o ABSOLUTE
    system_stm32f10x.c                       0x00000000   Number         0  system_stm32f10x.o ABSOLUTE
    RESET                                    0x08000000   Section      236  startup_stm32f10x_md.o(RESET)
    !!!main                                  0x080000ec   Section        8  __main.o(!!!main)
    !!!scatter                               0x080000f4   Section       52  __scatter.o(!!!scatter)
    !!handler_copy                           0x08000128   Section       26  __scatter_copy.o(!!handler_copy)
    !!handler_zi                             0x08000144   Section       28  __scatter_zi.o(!!handler_zi)
    .ARM.Collect$$_printf_percent$$00000000  0x08000160   Section        0  _printf_percent.o(.ARM.Collect$$_printf_percent$$00000000)
    .ARM.Collect$$_printf_percent$$00000003  0x08000160   Section        6  _printf_f.o(.ARM.Collect$$_printf_percent$$00000003)
    .ARM.Collect$$_printf_percent$$00000009  0x08000166   Section        6  _printf_d.o(.ARM.Collect$$_printf_percent$$00000009)
    .ARM.Collect$$_printf_percent$$00000017  0x0800016c   Section        4  _printf_percent_end.o(.ARM.Collect$$_printf_percent$$00000017)
    .ARM.Collect$$libinit$$00000000          0x08000170   Section        2  libinit.o(.ARM.Collect$$libinit$$00000000)
    .ARM.Collect$$libinit$$00000002          0x08000172   Section        0  libinit2.o(.ARM.Collect$$libinit$$00000002)
    .ARM.Collect$$libinit$$00000004          0x08000172   Section        0  libinit2.o(.ARM.Collect$$libinit$$00000004)
    .ARM.Collect$$libinit$$0000000A          0x08000172   Section        0  libinit2.o(.ARM.Collect$$libinit$$0000000A)
    .ARM.Collect$$libinit$$0000000C          0x08000172   Section        0  libinit2.o(.ARM.Collect$$libinit$$0000000C)
    .ARM.Collect$$libinit$$0000000E          0x08000172   Section        0  libinit2.o(.ARM.Collect$$libinit$$0000000E)
    .ARM.Collect$$libinit$$0000000F          0x08000172   Section        6  libinit2.o(.ARM.Collect$$libinit$$0000000F)
    .ARM.Collect$$libinit$$00000011          0x08000178   Section        0  libinit2.o(.ARM.Collect$$libinit$$00000011)
    .ARM.Collect$$libinit$$00000013          0x08000178   Section        0  libinit2.o(.ARM.Collect$$libinit$$00000013)
    .ARM.Collect$$libinit$$00000015          0x08000178   Section        0  libinit2.o(.ARM.Collect$$libinit$$00000015)
    .ARM.Collect$$libinit$$00000016          0x08000178   Section       10  libinit2.o(.ARM.Collect$$libinit$$00000016)
    .ARM.Collect$$libinit$$00000017          0x08000182   Section        0  libinit2.o(.ARM.Collect$$libinit$$00000017)
    .ARM.Collect$$libinit$$00000019          0x08000182   Section        0  libinit2.o(.ARM.Collect$$libinit$$00000019)
    .ARM.Collect$$libinit$$0000001B          0x08000182   Section        0  libinit2.o(.ARM.Collect$$libinit$$0000001B)
    .ARM.Collect$$libinit$$0000001D          0x08000182   Section        0  libinit2.o(.ARM.Collect$$libinit$$0000001D)
    .ARM.Collect$$libinit$$0000001F          0x08000182   Section        0  libinit2.o(.ARM.Collect$$libinit$$0000001F)
    .ARM.Collect$$libinit$$00000021          0x08000182   Section        0  libinit2.o(.ARM.Collect$$libinit$$00000021)
    .ARM.Collect$$libinit$$00000023          0x08000182   Section        0  libinit2.o(.ARM.Collect$$libinit$$00000023)
    .ARM.Collect$$libinit$$00000025          0x08000182   Section        0  libinit2.o(.ARM.Collect$$libinit$$00000025)
    .ARM.Collect$$libinit$$0000002C          0x08000182   Section        0  libinit2.o(.ARM.Collect$$libinit$$0000002C)
    .ARM.Collect$$libinit$$0000002E          0x08000182   Section        0  libinit2.o(.ARM.Collect$$libinit$$0000002E)
    .ARM.Collect$$libinit$$00000030          0x08000182   Section        0  libinit2.o(.ARM.Collect$$libinit$$00000030)
    .ARM.Collect$$libinit$$00000032          0x08000182   Section        0  libinit2.o(.ARM.Collect$$libinit$$00000032)
    .ARM.Collect$$libinit$$00000033          0x08000182   Section        2  libinit2.o(.ARM.Collect$$libinit$$00000033)
    .ARM.Collect$$libshutdown$$00000000      0x08000184   Section        2  libshutdown.o(.ARM.Collect$$libshutdown$$00000000)
    .ARM.Collect$$libshutdown$$00000002      0x08000186   Section        0  libshutdown2.o(.ARM.Collect$$libshutdown$$00000002)
    .ARM.Collect$$libshutdown$$00000004      0x08000186   Section        0  libshutdown2.o(.ARM.Collect$$libshutdown$$00000004)
    .ARM.Collect$$libshutdown$$00000007      0x08000186   Section        0  libshutdown2.o(.ARM.Collect$$libshutdown$$00000007)
    .ARM.Collect$$libshutdown$$0000000A      0x08000186   Section        0  libshutdown2.o(.ARM.Collect$$libshutdown$$0000000A)
    .ARM.Collect$$libshutdown$$0000000C      0x08000186   Section        0  libshutdown2.o(.ARM.Collect$$libshutdown$$0000000C)
    .ARM.Collect$$libshutdown$$0000000F      0x08000186   Section        0  libshutdown2.o(.ARM.Collect$$libshutdown$$0000000F)
    .ARM.Collect$$libshutdown$$00000010      0x08000186   Section        2  libshutdown2.o(.ARM.Collect$$libshutdown$$00000010)
    .ARM.Collect$$rtentry$$00000000          0x08000188   Section        0  __rtentry.o(.ARM.Collect$$rtentry$$00000000)
    .ARM.Collect$$rtentry$$00000002          0x08000188   Section        0  __rtentry2.o(.ARM.Collect$$rtentry$$00000002)
    .ARM.Collect$$rtentry$$00000004          0x08000188   Section        6  __rtentry4.o(.ARM.Collect$$rtentry$$00000004)
    .ARM.Collect$$rtentry$$00000009          0x0800018e   Section        0  __rtentry2.o(.ARM.Collect$$rtentry$$00000009)
    .ARM.Collect$$rtentry$$0000000A          0x0800018e   Section        4  __rtentry2.o(.ARM.Collect$$rtentry$$0000000A)
    .ARM.Collect$$rtentry$$0000000C          0x08000192   Section        0  __rtentry2.o(.ARM.Collect$$rtentry$$0000000C)
    .ARM.Collect$$rtentry$$0000000D          0x08000192   Section        8  __rtentry2.o(.ARM.Collect$$rtentry$$0000000D)
    .ARM.Collect$$rtexit$$00000000           0x0800019a   Section        2  rtexit.o(.ARM.Collect$$rtexit$$00000000)
    .ARM.Collect$$rtexit$$00000002           0x0800019c   Section        0  rtexit2.o(.ARM.Collect$$rtexit$$00000002)
    .ARM.Collect$$rtexit$$00000003           0x0800019c   Section        4  rtexit2.o(.ARM.Collect$$rtexit$$00000003)
    .ARM.Collect$$rtexit$$00000004           0x080001a0   Section        6  rtexit2.o(.ARM.Collect$$rtexit$$00000004)
    .text                                    0x080001a8   Section        0  main.o(.text)
    .text                                    0x08000670   Section        0  stm32f10x_it.o(.text)
    .text                                    0x0800068c   Section        0  system_stm32f10x.o(.text)
    SetSysClock                              0x0800068d   Thumb Code     2  system_stm32f10x.o(.text)
    .text                                    0x0800078c   Section        0  flagconfig.o(.text)
    .text                                    0x080007a4   Section        0  led.o(.text)
    .text                                    0x080007e0   Section        0  key.o(.text)
    .text                                    0x080008e8   Section        0  timer.o(.text)
    TIM4_Int_Init                            0x080009b9   Thumb Code    90  timer.o(.text)
    .text                                    0x08000c8c   Section        0  exti.o(.text)
    .text                                    0x08000cfc   Section        0  delay.o(.text)
    .text                                    0x08000dd0   Section        0  usart.o(.text)
    usart_send_byte                          0x08000def   Thumb Code    16  usart.o(.text)
    .text                                    0x08000fc0   Section       64  startup_stm32f10x_md.o(.text)
    .text                                    0x08001000   Section        0  misc.o(.text)
    .text                                    0x080010dc   Section        0  stm32f10x_gpio.o(.text)
    .text                                    0x08001438   Section        0  stm32f10x_rcc.o(.text)
    .text                                    0x080017dc   Section        0  stm32f10x_tim.o(.text)
    TI4_Config                               0x08001c83   Thumb Code   130  stm32f10x_tim.o(.text)
    TI3_Config                               0x08001d17   Thumb Code   122  stm32f10x_tim.o(.text)
    TI2_Config                               0x08001dab   Thumb Code   130  stm32f10x_tim.o(.text)
    TI1_Config                               0x08001e3f   Thumb Code   108  stm32f10x_tim.o(.text)
    .text                                    0x080025f8   Section        0  stm32f10x_usart.o(.text)
    .text                                    0x08002a00   Section        0  stm32f10x_exti.o(.text)
    .text                                    0x08002b1c   Section        2  use_no_semi_2.o(.text)
    .text                                    0x08002b20   Section        0  noretval__2printf.o(.text)
    .text                                    0x08002b38   Section        0  noretval__2sprintf.o(.text)
    .text                                    0x08002b60   Section        0  _printf_dec.o(.text)
    .text                                    0x08002bd8   Section        0  __printf_wp.o(.text)
    .text                                    0x08002ce6   Section        0  strlen.o(.text)
    .text                                    0x08002d24   Section        0  strcat.o(.text)
    .text                                    0x08002d3c   Section      100  rt_memcpy_w.o(.text)
    .text                                    0x08002da0   Section        0  heapauxi.o(.text)
    .text                                    0x08002da6   Section        2  use_no_semi.o(.text)
    .text                                    0x08002da8   Section        0  _printf_intcommon.o(.text)
    .text                                    0x08002e5a   Section        0  _printf_fp_dec.o(.text)
    _fp_digits                               0x08002e5d   Thumb Code   428  _printf_fp_dec.o(.text)
    .text                                    0x08003274   Section        0  _printf_char_common.o(.text)
    _printf_input_char                       0x08003275   Thumb Code    10  _printf_char_common.o(.text)
    .text                                    0x080032a4   Section        0  _sputc.o(.text)
    .text                                    0x080032b0   Section        0  _printf_char_file.o(.text)
    .text                                    0x080032d4   Section        8  rt_locale_intlibspace.o(.text)
    .text                                    0x080032dc   Section      138  lludiv10.o(.text)
    .text                                    0x08003368   Section        0  _printf_fp_infnan.o(.text)
    .text                                    0x080033e8   Section        0  bigflt0.o(.text)
    .text                                    0x080034c4   Section        0  ferror.o(.text)
    .text                                    0x080034cc   Section        8  libspace.o(.text)
    .text                                    0x080034d4   Section       74  sys_stackheap_outer.o(.text)
    .text                                    0x0800351e   Section        0  exit.o(.text)
    .text                                    0x08003530   Section      128  strcmpv7m.o(.text)
    CL$$btod_d2e                             0x080035b0   Section       62  btod.o(CL$$btod_d2e)
    CL$$btod_d2e_denorm_low                  0x080035ee   Section       70  btod.o(CL$$btod_d2e_denorm_low)
    CL$$btod_d2e_norm_op1                    0x08003634   Section       96  btod.o(CL$$btod_d2e_norm_op1)
    CL$$btod_div_common                      0x08003694   Section      824  btod.o(CL$$btod_div_common)
    CL$$btod_e2e                             0x080039cc   Section      198  btod.o(CL$$btod_e2e)
    CL$$btod_ediv                            0x08003a92   Section       40  btod.o(CL$$btod_ediv)
    CL$$btod_emul                            0x08003aba   Section       40  btod.o(CL$$btod_emul)
    CL$$btod_mult_common                     0x08003ae2   Section      580  btod.o(CL$$btod_mult_common)
    i.__ARM_fpclassify                       0x08003d26   Section        0  fpclassify.o(i.__ARM_fpclassify)
    i._is_digit                              0x08003d4e   Section        0  __printf_wp.o(i._is_digit)
    locale$$code                             0x08003d5c   Section       44  lc_numeric_c.o(locale$$code)
    x$fpl$d2f                                0x08003d88   Section       98  d2f.o(x$fpl$d2f)
    x$fpl$ddiv                               0x08003dec   Section      688  ddiv.o(x$fpl$ddiv)
    ddiv_entry                               0x08003df3   Thumb Code     0  ddiv.o(x$fpl$ddiv)
    x$fpl$dnaninf                            0x0800409c   Section      156  dnaninf.o(x$fpl$dnaninf)
    x$fpl$dretinf                            0x08004138   Section       12  dretinf.o(x$fpl$dretinf)
    x$fpl$f2d                                0x08004144   Section       86  f2d.o(x$fpl$f2d)
    x$fpl$fadd                               0x0800419c   Section      196  faddsub_clz.o(x$fpl$fadd)
    _fadd1                                   0x080041ab   Thumb Code     0  faddsub_clz.o(x$fpl$fadd)
    x$fpl$fcmpinf                            0x08004260   Section       24  fcmpi.o(x$fpl$fcmpinf)
    x$fpl$fdiv                               0x08004278   Section      388  fdiv.o(x$fpl$fdiv)
    _fdiv1                                   0x08004279   Thumb Code     0  fdiv.o(x$fpl$fdiv)
    x$fpl$feqf                               0x080043fc   Section      104  feqf.o(x$fpl$feqf)
    x$fpl$ffltu                              0x08004464   Section       38  fflt_clz.o(x$fpl$ffltu)
    x$fpl$fleqf                              0x0800448c   Section      104  fleqf.o(x$fpl$fleqf)
    x$fpl$fmul                               0x080044f4   Section      258  fmul.o(x$fpl$fmul)
    x$fpl$fnaninf                            0x080045f6   Section      140  fnaninf.o(x$fpl$fnaninf)
    x$fpl$fretinf                            0x08004682   Section       10  fretinf.o(x$fpl$fretinf)
    x$fpl$frleqf                             0x0800468c   Section       98  frleqf.o(x$fpl$frleqf)
    x$fpl$fsub                               0x080046f0   Section      234  faddsub_clz.o(x$fpl$fsub)
    _fsub1                                   0x080046ff   Thumb Code     0  faddsub_clz.o(x$fpl$fsub)
    x$fpl$printf1                            0x080047da   Section        4  printf1.o(x$fpl$printf1)
    x$fpl$usenofp                            0x080047de   Section        0  usenofp.o(x$fpl$usenofp)
    .constdata                               0x080047e0   Section      144  main.o(.constdata)
    .constdata                               0x08004870   Section      148  bigflt0.o(.constdata)
    tenpwrs_x                                0x08004870   Data          60  bigflt0.o(.constdata)
    tenpwrs_i                                0x080048ac   Data          64  bigflt0.o(.constdata)
    locale$$data                             0x08004924   Section       28  lc_numeric_c.o(locale$$data)
    __lcnum_c_name                           0x08004928   Data           2  lc_numeric_c.o(locale$$data)
    __lcnum_c_start                          0x08004930   Data           0  lc_numeric_c.o(locale$$data)
    __lcnum_c_point                          0x0800493c   Data           0  lc_numeric_c.o(locale$$data)
    __lcnum_c_thousands                      0x0800493e   Data           0  lc_numeric_c.o(locale$$data)
    __lcnum_c_grouping                       0x0800493f   Data           0  lc_numeric_c.o(locale$$data)
    __lcnum_c_end                            0x08004940   Data           0  lc_numeric_c.o(locale$$data)
    .data                                    0x20000000   Section        1  main.o(.data)
    boot                                     0x20000000   Data           1  main.o(.data)
    .data                                    0x20000004   Section       20  system_stm32f10x.o(.data)
    .data                                    0x20000018   Section        1  key.o(.data)
    key_up                                   0x20000018   Data           1  key.o(.data)
    .data                                    0x2000001c   Section       23  timer.o(.data)
    countnew                                 0x2000001c   Data           2  timer.o(.data)
    countold                                 0x2000001e   Data           2  timer.o(.data)
    overflow                                 0x20000020   Data           2  timer.o(.data)
    trigtimer                                0x20000028   Data           4  timer.o(.data)
    boot                                     0x20000030   Data           1  timer.o(.data)
    olddir                                   0x20000031   Data           1  timer.o(.data)
    newdir                                   0x20000032   Data           1  timer.o(.data)
    .data                                    0x20000034   Section        4  delay.o(.data)
    fac_us                                   0x20000034   Data           1  delay.o(.data)
    fac_ms                                   0x20000036   Data           2  delay.o(.data)
    .data                                    0x20000038   Section        6  usart.o(.data)
    .data                                    0x2000003e   Section       20  stm32f10x_rcc.o(.data)
    APBAHBPrescTable                         0x2000003e   Data          16  stm32f10x_rcc.o(.data)
    ADCPrescTable                            0x2000004e   Data           4  stm32f10x_rcc.o(.data)
    .bss                                     0x20000054   Section       12  flagconfig.o(.bss)
    .bss                                     0x20000060   Section       36  usart.o(.bss)
    .bss                                     0x20000084   Section       96  libspace.o(.bss)
    HEAP                                     0x200000e8   Section      512  startup_stm32f10x_md.o(HEAP)
    Heap_Mem                                 0x200000e8   Data         512  startup_stm32f10x_md.o(HEAP)
    STACK                                    0x200002e8   Section     1024  startup_stm32f10x_md.o(STACK)
    Stack_Mem                                0x200002e8   Data        1024  startup_stm32f10x_md.o(STACK)
    __initial_sp                             0x200006e8   Data           0  startup_stm32f10x_md.o(STACK)

    Global Symbols

    Symbol Name                              Value     Ov Type        Size  Object(Section)

    BuildAttributes$$THM_ISAv4$P$D$K$B$S$PE$A:L22UL41UL21$X:L11$S22US41US21$IEEE1$IW$USESV6$~STKCKD$USESV7$~SHL$OTIME$ROPI$IEEEJ$EBA8$UX$STANDARDLIB$REQ8$PRES8$EABIv2 0x00000000   Number         0  anon$$obj.o ABSOLUTE
    __ARM_use_no_argv                        0x00000000   Number         0  main.o ABSOLUTE
    _printf_flags                            0x00000000   Number         0  printf_stubs.o ABSOLUTE
    _printf_return_value                     0x00000000   Number         0  printf_stubs.o ABSOLUTE
    _printf_sizespec                         0x00000000   Number         0  printf_stubs.o ABSOLUTE
    _printf_widthprec                        0x00000000   Number         0  printf_stubs.o ABSOLUTE
    __ARM_exceptions_init                     - Undefined Weak Reference
    __alloca_initialize                       - Undefined Weak Reference
    __arm_preinit_                            - Undefined Weak Reference
    __cpp_initialize__aeabi_                  - Undefined Weak Reference
    __cxa_finalize                            - Undefined Weak Reference
    __sigvec_lookup                           - Undefined Weak Reference
    _atexit_init                              - Undefined Weak Reference
    _call_atexit_fns                          - Undefined Weak Reference
    _clock_init                               - Undefined Weak Reference
    _fp_trap_init                             - Undefined Weak Reference
    _fp_trap_shutdown                         - Undefined Weak Reference
    _get_lc_collate                           - Undefined Weak Reference
    _get_lc_ctype                             - Undefined Weak Reference
    _get_lc_monetary                          - Undefined Weak Reference
    _get_lc_time                              - Undefined Weak Reference
    _getenv_init                              - Undefined Weak Reference
    _handle_redirection                       - Undefined Weak Reference
    _init_alloc                               - Undefined Weak Reference
    _init_user_alloc                          - Undefined Weak Reference
    _initio                                   - Undefined Weak Reference
    _mutex_acquire                            - Undefined Weak Reference
    _mutex_release                            - Undefined Weak Reference
    _printf_post_padding                      - Undefined Weak Reference
    _printf_pre_padding                       - Undefined Weak Reference
    _printf_truncate_signed                   - Undefined Weak Reference
    _printf_truncate_unsigned                 - Undefined Weak Reference
    _rand_init                                - Undefined Weak Reference
    _signal_finish                            - Undefined Weak Reference
    _signal_init                              - Undefined Weak Reference
    _terminate_alloc                          - Undefined Weak Reference
    _terminate_user_alloc                     - Undefined Weak Reference
    _terminateio                              - Undefined Weak Reference
    __Vectors_Size                           0x000000ec   Number         0  startup_stm32f10x_md.o ABSOLUTE
    __Vectors                                0x08000000   Data           4  startup_stm32f10x_md.o(RESET)
    __Vectors_End                            0x080000ec   Data           0  startup_stm32f10x_md.o(RESET)
    __main                                   0x080000ed   Thumb Code     8  __main.o(!!!main)
    __scatterload                            0x080000f5   Thumb Code     0  __scatter.o(!!!scatter)
    __scatterload_rt2                        0x080000f5   Thumb Code    44  __scatter.o(!!!scatter)
    __scatterload_rt2_thumb_only             0x080000f5   Thumb Code     0  __scatter.o(!!!scatter)
    __scatterload_null                       0x08000103   Thumb Code     0  __scatter.o(!!!scatter)
    __scatterload_copy                       0x08000129   Thumb Code    26  __scatter_copy.o(!!handler_copy)
    __scatterload_zeroinit                   0x08000145   Thumb Code    28  __scatter_zi.o(!!handler_zi)
    _printf_f                                0x08000161   Thumb Code     0  _printf_f.o(.ARM.Collect$$_printf_percent$$00000003)
    _printf_percent                          0x08000161   Thumb Code     0  _printf_percent.o(.ARM.Collect$$_printf_percent$$00000000)
    _printf_d                                0x08000167   Thumb Code     0  _printf_d.o(.ARM.Collect$$_printf_percent$$00000009)
    _printf_percent_end                      0x0800016d   Thumb Code     0  _printf_percent_end.o(.ARM.Collect$$_printf_percent$$00000017)
    __rt_lib_init                            0x08000171   Thumb Code     0  libinit.o(.ARM.Collect$$libinit$$00000000)
    __rt_lib_init_fp_1                       0x08000173   Thumb Code     0  libinit2.o(.ARM.Collect$$libinit$$00000002)
    __rt_lib_init_heap_1                     0x08000173   Thumb Code     0  libinit2.o(.ARM.Collect$$libinit$$0000000A)
    __rt_lib_init_lc_common                  0x08000173   Thumb Code     0  libinit2.o(.ARM.Collect$$libinit$$0000000F)
    __rt_lib_init_preinit_1                  0x08000173   Thumb Code     0  libinit2.o(.ARM.Collect$$libinit$$00000004)
    __rt_lib_init_rand_1                     0x08000173   Thumb Code     0  libinit2.o(.ARM.Collect$$libinit$$0000000E)
    __rt_lib_init_user_alloc_1               0x08000173   Thumb Code     0  libinit2.o(.ARM.Collect$$libinit$$0000000C)
    __rt_lib_init_lc_collate_1               0x08000179   Thumb Code     0  libinit2.o(.ARM.Collect$$libinit$$00000011)
    __rt_lib_init_lc_ctype_1                 0x08000179   Thumb Code     0  libinit2.o(.ARM.Collect$$libinit$$00000013)
    __rt_lib_init_lc_monetary_1              0x08000179   Thumb Code     0  libinit2.o(.ARM.Collect$$libinit$$00000015)
    __rt_lib_init_lc_numeric_2               0x08000179   Thumb Code     0  libinit2.o(.ARM.Collect$$libinit$$00000016)
    __rt_lib_init_alloca_1                   0x08000183   Thumb Code     0  libinit2.o(.ARM.Collect$$libinit$$0000002E)
    __rt_lib_init_argv_1                     0x08000183   Thumb Code     0  libinit2.o(.ARM.Collect$$libinit$$0000002C)
    __rt_lib_init_atexit_1                   0x08000183   Thumb Code     0  libinit2.o(.ARM.Collect$$libinit$$0000001B)
    __rt_lib_init_clock_1                    0x08000183   Thumb Code     0  libinit2.o(.ARM.Collect$$libinit$$00000021)
    __rt_lib_init_cpp_1                      0x08000183   Thumb Code     0  libinit2.o(.ARM.Collect$$libinit$$00000032)
    __rt_lib_init_exceptions_1               0x08000183   Thumb Code     0  libinit2.o(.ARM.Collect$$libinit$$00000030)
    __rt_lib_init_fp_trap_1                  0x08000183   Thumb Code     0  libinit2.o(.ARM.Collect$$libinit$$0000001F)
    __rt_lib_init_getenv_1                   0x08000183   Thumb Code     0  libinit2.o(.ARM.Collect$$libinit$$00000023)
    __rt_lib_init_lc_numeric_1               0x08000183   Thumb Code     0  libinit2.o(.ARM.Collect$$libinit$$00000017)
    __rt_lib_init_lc_time_1                  0x08000183   Thumb Code     0  libinit2.o(.ARM.Collect$$libinit$$00000019)
    __rt_lib_init_return                     0x08000183   Thumb Code     0  libinit2.o(.ARM.Collect$$libinit$$00000033)
    __rt_lib_init_signal_1                   0x08000183   Thumb Code     0  libinit2.o(.ARM.Collect$$libinit$$0000001D)
    __rt_lib_init_stdio_1                    0x08000183   Thumb Code     0  libinit2.o(.ARM.Collect$$libinit$$00000025)
    __rt_lib_shutdown                        0x08000185   Thumb Code     0  libshutdown.o(.ARM.Collect$$libshutdown$$00000000)
    __rt_lib_shutdown_cpp_1                  0x08000187   Thumb Code     0  libshutdown2.o(.ARM.Collect$$libshutdown$$00000002)
    __rt_lib_shutdown_fp_trap_1              0x08000187   Thumb Code     0  libshutdown2.o(.ARM.Collect$$libshutdown$$00000007)
    __rt_lib_shutdown_heap_1                 0x08000187   Thumb Code     0  libshutdown2.o(.ARM.Collect$$libshutdown$$0000000F)
    __rt_lib_shutdown_return                 0x08000187   Thumb Code     0  libshutdown2.o(.ARM.Collect$$libshutdown$$00000010)
    __rt_lib_shutdown_signal_1               0x08000187   Thumb Code     0  libshutdown2.o(.ARM.Collect$$libshutdown$$0000000A)
    __rt_lib_shutdown_stdio_1                0x08000187   Thumb Code     0  libshutdown2.o(.ARM.Collect$$libshutdown$$00000004)
    __rt_lib_shutdown_user_alloc_1           0x08000187   Thumb Code     0  libshutdown2.o(.ARM.Collect$$libshutdown$$0000000C)
    __rt_entry                               0x08000189   Thumb Code     0  __rtentry.o(.ARM.Collect$$rtentry$$00000000)
    __rt_entry_presh_1                       0x08000189   Thumb Code     0  __rtentry2.o(.ARM.Collect$$rtentry$$00000002)
    __rt_entry_sh                            0x08000189   Thumb Code     0  __rtentry4.o(.ARM.Collect$$rtentry$$00000004)
    __rt_entry_li                            0x0800018f   Thumb Code     0  __rtentry2.o(.ARM.Collect$$rtentry$$0000000A)
    __rt_entry_postsh_1                      0x0800018f   Thumb Code     0  __rtentry2.o(.ARM.Collect$$rtentry$$00000009)
    __rt_entry_main                          0x08000193   Thumb Code     0  __rtentry2.o(.ARM.Collect$$rtentry$$0000000D)
    __rt_entry_postli_1                      0x08000193   Thumb Code     0  __rtentry2.o(.ARM.Collect$$rtentry$$0000000C)
    __rt_exit                                0x0800019b   Thumb Code     0  rtexit.o(.ARM.Collect$$rtexit$$00000000)
    __rt_exit_ls                             0x0800019d   Thumb Code     0  rtexit2.o(.ARM.Collect$$rtexit$$00000003)
    __rt_exit_prels_1                        0x0800019d   Thumb Code     0  rtexit2.o(.ARM.Collect$$rtexit$$00000002)
    __rt_exit_exit                           0x080001a1   Thumb Code     0  rtexit2.o(.ARM.Collect$$rtexit$$00000004)
    Slen                                     0x080001a9   Thumb Code    16  main.o(.text)
    Include                                  0x080001b9   Thumb Code    30  main.o(.text)
    Float2Txt                                0x080001d7   Thumb Code    34  main.o(.text)
    Txt2Float                                0x080001f9   Thumb Code   214  main.o(.text)
    main                                     0x080002cf   Thumb Code   920  main.o(.text)
    NMI_Handler                              0x08000671   Thumb Code     2  stm32f10x_it.o(.text)
    HardFault_Handler                        0x08000673   Thumb Code     4  stm32f10x_it.o(.text)
    MemManage_Handler                        0x08000677   Thumb Code     4  stm32f10x_it.o(.text)
    BusFault_Handler                         0x0800067b   Thumb Code     4  stm32f10x_it.o(.text)
    UsageFault_Handler                       0x0800067f   Thumb Code     4  stm32f10x_it.o(.text)
    SVC_Handler                              0x08000683   Thumb Code     2  stm32f10x_it.o(.text)
    DebugMon_Handler                         0x08000685   Thumb Code     2  stm32f10x_it.o(.text)
    PendSV_Handler                           0x08000687   Thumb Code     2  stm32f10x_it.o(.text)
    SysTick_Handler                          0x08000689   Thumb Code     2  stm32f10x_it.o(.text)
    SystemInit                               0x0800068f   Thumb Code    78  system_stm32f10x.o(.text)
    SystemCoreClockUpdate                    0x080006dd   Thumb Code   142  system_stm32f10x.o(.text)
    init__measureFlag                        0x0800078d   Thumb Code    18  flagconfig.o(.text)
    LED_Init                                 0x080007a5   Thumb Code    56  led.o(.text)
    KEY_Init                                 0x080007e1   Thumb Code    56  key.o(.text)
    KEY_Scan                                 0x08000819   Thumb Code   192  key.o(.text)
    TIM3_Mode_Config                         0x080008e9   Thumb Code   208  timer.o(.text)
    Reset_ENC_Count                          0x08000a13   Thumb Code    12  timer.o(.text)
    Read_ENC_Count                           0x08000a1f   Thumb Code    10  timer.o(.text)
    Enocode_recieve                          0x08000a29   Thumb Code    66  timer.o(.text)
    TIM4_IRQHandler                          0x08000a6b   Thumb Code   326  timer.o(.text)
    TIM3_IRQHandler                          0x08000bb1   Thumb Code    32  timer.o(.text)
    TIM4_Mode_Config                         0x08000bd1   Thumb Code    14  timer.o(.text)
    Enocode_start                            0x08000bdf   Thumb Code    50  timer.o(.text)
    Enocode_stop                             0x08000c11   Thumb Code    44  timer.o(.text)
    EXTIX_Init                               0x08000c8d   Thumb Code    84  exti.o(.text)
    EXTI15_10_IRQHandler                     0x08000ce1   Thumb Code    22  exti.o(.text)
    delay_init                               0x08000cfd   Thumb Code    50  delay.o(.text)
    delay_us                                 0x08000d2f   Thumb Code    72  delay.o(.text)
    delay_ms                                 0x08000d77   Thumb Code    72  delay.o(.text)
    _sys_exit                                0x08000dd1   Thumb Code     6  usart.o(.text)
    fputc                                    0x08000dd7   Thumb Code    24  usart.o(.text)
    usart_send_string                        0x08000dff   Thumb Code    34  usart.o(.text)
    uart_init                                0x08000e21   Thumb Code   152  usart.o(.text)
    uart2_init                               0x08000eb9   Thumb Code   120  usart.o(.text)
    USART1_IRQHandler                        0x08000f31   Thumb Code   122  usart.o(.text)
    Reset_Handler                            0x08000fc1   Thumb Code     8  startup_stm32f10x_md.o(.text)
    ADC1_2_IRQHandler                        0x08000fdb   Thumb Code     0  startup_stm32f10x_md.o(.text)
    CAN1_RX1_IRQHandler                      0x08000fdb   Thumb Code     0  startup_stm32f10x_md.o(.text)
    CAN1_SCE_IRQHandler                      0x08000fdb   Thumb Code     0  startup_stm32f10x_md.o(.text)
    DMA1_Channel1_IRQHandler                 0x08000fdb   Thumb Code     0  startup_stm32f10x_md.o(.text)
    DMA1_Channel2_IRQHandler                 0x08000fdb   Thumb Code     0  startup_stm32f10x_md.o(.text)
    DMA1_Channel3_IRQHandler                 0x08000fdb   Thumb Code     0  startup_stm32f10x_md.o(.text)
    DMA1_Channel4_IRQHandler                 0x08000fdb   Thumb Code     0  startup_stm32f10x_md.o(.text)
    DMA1_Channel5_IRQHandler                 0x08000fdb   Thumb Code     0  startup_stm32f10x_md.o(.text)
    DMA1_Channel6_IRQHandler                 0x08000fdb   Thumb Code     0  startup_stm32f10x_md.o(.text)
    DMA1_Channel7_IRQHandler                 0x08000fdb   Thumb Code     0  startup_stm32f10x_md.o(.text)
    EXTI0_IRQHandler                         0x08000fdb   Thumb Code     0  startup_stm32f10x_md.o(.text)
    EXTI1_IRQHandler                         0x08000fdb   Thumb Code     0  startup_stm32f10x_md.o(.text)
    EXTI2_IRQHandler                         0x08000fdb   Thumb Code     0  startup_stm32f10x_md.o(.text)
    EXTI3_IRQHandler                         0x08000fdb   Thumb Code     0  startup_stm32f10x_md.o(.text)
    EXTI4_IRQHandler                         0x08000fdb   Thumb Code     0  startup_stm32f10x_md.o(.text)
    EXTI9_5_IRQHandler                       0x08000fdb   Thumb Code     0  startup_stm32f10x_md.o(.text)
    FLASH_IRQHandler                         0x08000fdb   Thumb Code     0  startup_stm32f10x_md.o(.text)
    I2C1_ER_IRQHandler                       0x08000fdb   Thumb Code     0  startup_stm32f10x_md.o(.text)
    I2C1_EV_IRQHandler                       0x08000fdb   Thumb Code     0  startup_stm32f10x_md.o(.text)
    I2C2_ER_IRQHandler                       0x08000fdb   Thumb Code     0  startup_stm32f10x_md.o(.text)
    I2C2_EV_IRQHandler                       0x08000fdb   Thumb Code     0  startup_stm32f10x_md.o(.text)
    PVD_IRQHandler                           0x08000fdb   Thumb Code     0  startup_stm32f10x_md.o(.text)
    RCC_IRQHandler                           0x08000fdb   Thumb Code     0  startup_stm32f10x_md.o(.text)
    RTCAlarm_IRQHandler                      0x08000fdb   Thumb Code     0  startup_stm32f10x_md.o(.text)
    RTC_IRQHandler                           0x08000fdb   Thumb Code     0  startup_stm32f10x_md.o(.text)
    SPI1_IRQHandler                          0x08000fdb   Thumb Code     0  startup_stm32f10x_md.o(.text)
    SPI2_IRQHandler                          0x08000fdb   Thumb Code     0  startup_stm32f10x_md.o(.text)
    TAMPER_IRQHandler                        0x08000fdb   Thumb Code     0  startup_stm32f10x_md.o(.text)
    TIM1_BRK_IRQHandler                      0x08000fdb   Thumb Code     0  startup_stm32f10x_md.o(.text)
    TIM1_CC_IRQHandler                       0x08000fdb   Thumb Code     0  startup_stm32f10x_md.o(.text)
    TIM1_TRG_COM_IRQHandler                  0x08000fdb   Thumb Code     0  startup_stm32f10x_md.o(.text)
    TIM1_UP_IRQHandler                       0x08000fdb   Thumb Code     0  startup_stm32f10x_md.o(.text)
    TIM2_IRQHandler                          0x08000fdb   Thumb Code     0  startup_stm32f10x_md.o(.text)
    USART2_IRQHandler                        0x08000fdb   Thumb Code     0  startup_stm32f10x_md.o(.text)
    USART3_IRQHandler                        0x08000fdb   Thumb Code     0  startup_stm32f10x_md.o(.text)
    USBWakeUp_IRQHandler                     0x08000fdb   Thumb Code     0  startup_stm32f10x_md.o(.text)
    USB_HP_CAN1_TX_IRQHandler                0x08000fdb   Thumb Code     0  startup_stm32f10x_md.o(.text)
    USB_LP_CAN1_RX0_IRQHandler               0x08000fdb   Thumb Code     0  startup_stm32f10x_md.o(.text)
    WWDG_IRQHandler                          0x08000fdb   Thumb Code     0  startup_stm32f10x_md.o(.text)
    __user_initial_stackheap                 0x08000fdd   Thumb Code     0  startup_stm32f10x_md.o(.text)
    NVIC_PriorityGroupConfig                 0x08001001   Thumb Code    10  misc.o(.text)
    NVIC_Init                                0x0800100b   Thumb Code   100  misc.o(.text)
    NVIC_SetVectorTable                      0x0800106f   Thumb Code    14  misc.o(.text)
    NVIC_SystemLPConfig                      0x0800107d   Thumb Code    34  misc.o(.text)
    SysTick_CLKSourceConfig                  0x0800109f   Thumb Code    40  misc.o(.text)
    GPIO_DeInit                              0x080010dd   Thumb Code   172  stm32f10x_gpio.o(.text)
    GPIO_AFIODeInit                          0x08001189   Thumb Code    20  stm32f10x_gpio.o(.text)
    GPIO_Init                                0x0800119d   Thumb Code   278  stm32f10x_gpio.o(.text)
    GPIO_StructInit                          0x080012b3   Thumb Code    16  stm32f10x_gpio.o(.text)
    GPIO_ReadInputDataBit                    0x080012c3   Thumb Code    18  stm32f10x_gpio.o(.text)
    GPIO_ReadInputData                       0x080012d5   Thumb Code     8  stm32f10x_gpio.o(.text)
    GPIO_ReadOutputDataBit                   0x080012dd   Thumb Code    18  stm32f10x_gpio.o(.text)
    GPIO_ReadOutputData                      0x080012ef   Thumb Code     8  stm32f10x_gpio.o(.text)
    GPIO_SetBits                             0x080012f7   Thumb Code     4  stm32f10x_gpio.o(.text)
    GPIO_ResetBits                           0x080012fb   Thumb Code     4  stm32f10x_gpio.o(.text)
    GPIO_WriteBit                            0x080012ff   Thumb Code    10  stm32f10x_gpio.o(.text)
    GPIO_Write                               0x08001309   Thumb Code     4  stm32f10x_gpio.o(.text)
    GPIO_PinLockConfig                       0x0800130d   Thumb Code    18  stm32f10x_gpio.o(.text)
    GPIO_EventOutputConfig                   0x0800131f   Thumb Code    26  stm32f10x_gpio.o(.text)
    GPIO_EventOutputCmd                      0x08001339   Thumb Code     6  stm32f10x_gpio.o(.text)
    GPIO_PinRemapConfig                      0x0800133f   Thumb Code   138  stm32f10x_gpio.o(.text)
    GPIO_EXTILineConfig                      0x080013c9   Thumb Code    66  stm32f10x_gpio.o(.text)
    GPIO_ETH_MediaInterfaceConfig            0x0800140b   Thumb Code     8  stm32f10x_gpio.o(.text)
    RCC_DeInit                               0x08001439   Thumb Code    64  stm32f10x_rcc.o(.text)
    RCC_HSEConfig                            0x08001479   Thumb Code    70  stm32f10x_rcc.o(.text)
    RCC_GetFlagStatus                        0x080014bf   Thumb Code    56  stm32f10x_rcc.o(.text)
    RCC_WaitForHSEStartUp                    0x080014f7   Thumb Code    56  stm32f10x_rcc.o(.text)
    RCC_AdjustHSICalibrationValue            0x0800152f   Thumb Code    20  stm32f10x_rcc.o(.text)
    RCC_HSICmd                               0x08001543   Thumb Code     6  stm32f10x_rcc.o(.text)
    RCC_PLLConfig                            0x08001549   Thumb Code    24  stm32f10x_rcc.o(.text)
    RCC_PLLCmd                               0x08001561   Thumb Code     6  stm32f10x_rcc.o(.text)
    RCC_SYSCLKConfig                         0x08001567   Thumb Code    18  stm32f10x_rcc.o(.text)
    RCC_GetSYSCLKSource                      0x08001579   Thumb Code    10  stm32f10x_rcc.o(.text)
    RCC_HCLKConfig                           0x08001583   Thumb Code    18  stm32f10x_rcc.o(.text)
    RCC_PCLK1Config                          0x08001595   Thumb Code    18  stm32f10x_rcc.o(.text)
    RCC_PCLK2Config                          0x080015a7   Thumb Code    20  stm32f10x_rcc.o(.text)
    RCC_ITConfig                             0x080015bb   Thumb Code    26  stm32f10x_rcc.o(.text)
    RCC_USBCLKConfig                         0x080015d5   Thumb Code     8  stm32f10x_rcc.o(.text)
    RCC_ADCCLKConfig                         0x080015dd   Thumb Code    18  stm32f10x_rcc.o(.text)
    RCC_LSEConfig                            0x080015ef   Thumb Code    50  stm32f10x_rcc.o(.text)
    RCC_LSICmd                               0x08001621   Thumb Code     6  stm32f10x_rcc.o(.text)
    RCC_RTCCLKConfig                         0x08001627   Thumb Code    12  stm32f10x_rcc.o(.text)
    RCC_RTCCLKCmd                            0x08001633   Thumb Code     8  stm32f10x_rcc.o(.text)
    RCC_GetClocksFreq                        0x0800163b   Thumb Code   192  stm32f10x_rcc.o(.text)
    RCC_AHBPeriphClockCmd                    0x080016fb   Thumb Code    26  stm32f10x_rcc.o(.text)
    RCC_APB2PeriphClockCmd                   0x08001715   Thumb Code    26  stm32f10x_rcc.o(.text)
    RCC_APB1PeriphClockCmd                   0x0800172f   Thumb Code    26  stm32f10x_rcc.o(.text)
    RCC_APB2PeriphResetCmd                   0x08001749   Thumb Code    26  stm32f10x_rcc.o(.text)
    RCC_APB1PeriphResetCmd                   0x08001763   Thumb Code    26  stm32f10x_rcc.o(.text)
    RCC_BackupResetCmd                       0x0800177d   Thumb Code     8  stm32f10x_rcc.o(.text)
    RCC_ClockSecuritySystemCmd               0x08001785   Thumb Code     6  stm32f10x_rcc.o(.text)
    RCC_MCOConfig                            0x0800178b   Thumb Code     6  stm32f10x_rcc.o(.text)
    RCC_ClearFlag                            0x08001791   Thumb Code    14  stm32f10x_rcc.o(.text)
    RCC_GetITStatus                          0x0800179f   Thumb Code    20  stm32f10x_rcc.o(.text)
    RCC_ClearITPendingBit                    0x080017b3   Thumb Code     6  stm32f10x_rcc.o(.text)
    TIM_DeInit                               0x080017dd   Thumb Code   424  stm32f10x_tim.o(.text)
    TIM_TimeBaseInit                         0x08001985   Thumb Code   122  stm32f10x_tim.o(.text)
    TIM_OC1Init                              0x080019ff   Thumb Code   132  stm32f10x_tim.o(.text)
    TIM_OC2Init                              0x08001a83   Thumb Code   154  stm32f10x_tim.o(.text)
    TIM_OC3Init                              0x08001b1d   Thumb Code   150  stm32f10x_tim.o(.text)
    TIM_OC4Init                              0x08001bb3   Thumb Code   182  stm32f10x_tim.o(.text)
    TIM_SetIC4Prescaler                      0x08001c69   Thumb Code    26  stm32f10x_tim.o(.text)
    TIM_SetIC3Prescaler                      0x08001d05   Thumb Code    18  stm32f10x_tim.o(.text)
    TIM_SetIC2Prescaler                      0x08001d91   Thumb Code    26  stm32f10x_tim.o(.text)
    TIM_SetIC1Prescaler                      0x08001e2d   Thumb Code    18  stm32f10x_tim.o(.text)
    TIM_ICInit                               0x08001eab   Thumb Code   150  stm32f10x_tim.o(.text)
    TIM_PWMIConfig                           0x08001f41   Thumb Code   124  stm32f10x_tim.o(.text)
    TIM_BDTRConfig                           0x08001fbd   Thumb Code    32  stm32f10x_tim.o(.text)
    TIM_TimeBaseStructInit                   0x08001fdd   Thumb Code    18  stm32f10x_tim.o(.text)
    TIM_OCStructInit                         0x08001fef   Thumb Code    20  stm32f10x_tim.o(.text)
    TIM_ICStructInit                         0x08002003   Thumb Code    18  stm32f10x_tim.o(.text)
    TIM_BDTRStructInit                       0x08002015   Thumb Code    40  stm32f10x_tim.o(.text)
    TIM_Cmd                                  0x0800203d   Thumb Code    24  stm32f10x_tim.o(.text)
    TIM_CtrlPWMOutputs                       0x08002055   Thumb Code    30  stm32f10x_tim.o(.text)
    TIM_ITConfig                             0x08002073   Thumb Code    18  stm32f10x_tim.o(.text)
    TIM_GenerateEvent                        0x08002085   Thumb Code     4  stm32f10x_tim.o(.text)
    TIM_DMAConfig                            0x08002089   Thumb Code    10  stm32f10x_tim.o(.text)
    TIM_DMACmd                               0x08002093   Thumb Code    18  stm32f10x_tim.o(.text)
    TIM_InternalClockConfig                  0x080020a5   Thumb Code    12  stm32f10x_tim.o(.text)
    TIM_SelectInputTrigger                   0x080020b1   Thumb Code    18  stm32f10x_tim.o(.text)
    TIM_ITRxExternalClockConfig              0x080020c3   Thumb Code    24  stm32f10x_tim.o(.text)
    TIM_TIxExternalClockConfig               0x080020db   Thumb Code    62  stm32f10x_tim.o(.text)
    TIM_ETRConfig                            0x08002119   Thumb Code    28  stm32f10x_tim.o(.text)
    TIM_ETRClockMode1Config                  0x08002135   Thumb Code    54  stm32f10x_tim.o(.text)
    TIM_ETRClockMode2Config                  0x0800216b   Thumb Code    32  stm32f10x_tim.o(.text)
    TIM_PrescalerConfig                      0x0800218b   Thumb Code     6  stm32f10x_tim.o(.text)
    TIM_CounterModeConfig                    0x08002191   Thumb Code    18  stm32f10x_tim.o(.text)
    TIM_EncoderInterfaceConfig               0x080021a3   Thumb Code    66  stm32f10x_tim.o(.text)
    TIM_ForcedOC1Config                      0x080021e5   Thumb Code    18  stm32f10x_tim.o(.text)
    TIM_ForcedOC2Config                      0x080021f7   Thumb Code    26  stm32f10x_tim.o(.text)
    TIM_ForcedOC3Config                      0x08002211   Thumb Code    18  stm32f10x_tim.o(.text)
    TIM_ForcedOC4Config                      0x08002223   Thumb Code    26  stm32f10x_tim.o(.text)
    TIM_ARRPreloadConfig                     0x0800223d   Thumb Code    24  stm32f10x_tim.o(.text)
    TIM_SelectCOM                            0x08002255   Thumb Code    24  stm32f10x_tim.o(.text)
    TIM_SelectCCDMA                          0x0800226d   Thumb Code    24  stm32f10x_tim.o(.text)
    TIM_CCPreloadControl                     0x08002285   Thumb Code    24  stm32f10x_tim.o(.text)
    TIM_OC1PreloadConfig                     0x0800229d   Thumb Code    18  stm32f10x_tim.o(.text)
    TIM_OC2PreloadConfig                     0x080022af   Thumb Code    26  stm32f10x_tim.o(.text)
    TIM_OC3PreloadConfig                     0x080022c9   Thumb Code    18  stm32f10x_tim.o(.text)
    TIM_OC4PreloadConfig                     0x080022db   Thumb Code    26  stm32f10x_tim.o(.text)
    TIM_OC1FastConfig                        0x080022f5   Thumb Code    18  stm32f10x_tim.o(.text)
    TIM_OC2FastConfig                        0x08002307   Thumb Code    26  stm32f10x_tim.o(.text)
    TIM_OC3FastConfig                        0x08002321   Thumb Code    18  stm32f10x_tim.o(.text)
    TIM_OC4FastConfig                        0x08002333   Thumb Code    26  stm32f10x_tim.o(.text)
    TIM_ClearOC1Ref                          0x0800234d   Thumb Code    18  stm32f10x_tim.o(.text)
    TIM_ClearOC2Ref                          0x0800235f   Thumb Code    24  stm32f10x_tim.o(.text)
    TIM_ClearOC3Ref                          0x08002377   Thumb Code    18  stm32f10x_tim.o(.text)
    TIM_ClearOC4Ref                          0x08002389   Thumb Code    24  stm32f10x_tim.o(.text)
    TIM_OC1PolarityConfig                    0x080023a1   Thumb Code    18  stm32f10x_tim.o(.text)
    TIM_OC1NPolarityConfig                   0x080023b3   Thumb Code    18  stm32f10x_tim.o(.text)
    TIM_OC2PolarityConfig                    0x080023c5   Thumb Code    26  stm32f10x_tim.o(.text)
    TIM_OC2NPolarityConfig                   0x080023df   Thumb Code    26  stm32f10x_tim.o(.text)
    TIM_OC3PolarityConfig                    0x080023f9   Thumb Code    26  stm32f10x_tim.o(.text)
    TIM_OC3NPolarityConfig                   0x08002413   Thumb Code    26  stm32f10x_tim.o(.text)
    TIM_OC4PolarityConfig                    0x0800242d   Thumb Code    26  stm32f10x_tim.o(.text)
    TIM_CCxCmd                               0x08002447   Thumb Code    30  stm32f10x_tim.o(.text)
    TIM_CCxNCmd                              0x08002465   Thumb Code    30  stm32f10x_tim.o(.text)
    TIM_SelectOCxM                           0x08002483   Thumb Code    82  stm32f10x_tim.o(.text)
    TIM_UpdateDisableConfig                  0x080024d5   Thumb Code    24  stm32f10x_tim.o(.text)
    TIM_UpdateRequestConfig                  0x080024ed   Thumb Code    24  stm32f10x_tim.o(.text)
    TIM_SelectHallSensor                     0x08002505   Thumb Code    24  stm32f10x_tim.o(.text)
    TIM_SelectOnePulseMode                   0x0800251d   Thumb Code    18  stm32f10x_tim.o(.text)
    TIM_SelectOutputTrigger                  0x0800252f   Thumb Code    18  stm32f10x_tim.o(.text)
    TIM_SelectSlaveMode                      0x08002541   Thumb Code    18  stm32f10x_tim.o(.text)
    TIM_SelectMasterSlaveMode                0x08002553   Thumb Code    18  stm32f10x_tim.o(.text)
    TIM_SetCounter                           0x08002565   Thumb Code     4  stm32f10x_tim.o(.text)
    TIM_SetAutoreload                        0x08002569   Thumb Code     4  stm32f10x_tim.o(.text)
    TIM_SetCompare1                          0x0800256d   Thumb Code     4  stm32f10x_tim.o(.text)
    TIM_SetCompare2                          0x08002571   Thumb Code     4  stm32f10x_tim.o(.text)
    TIM_SetCompare3                          0x08002575   Thumb Code     4  stm32f10x_tim.o(.text)
    TIM_SetCompare4                          0x08002579   Thumb Code     6  stm32f10x_tim.o(.text)
    TIM_SetClockDivision                     0x0800257f   Thumb Code    18  stm32f10x_tim.o(.text)
    TIM_GetCapture1                          0x08002591   Thumb Code     6  stm32f10x_tim.o(.text)
    TIM_GetCapture2                          0x08002597   Thumb Code     6  stm32f10x_tim.o(.text)
    TIM_GetCapture3                          0x0800259d   Thumb Code     6  stm32f10x_tim.o(.text)
    TIM_GetCapture4                          0x080025a3   Thumb Code     8  stm32f10x_tim.o(.text)
    TIM_GetCounter                           0x080025ab   Thumb Code     6  stm32f10x_tim.o(.text)
    TIM_GetPrescaler                         0x080025b1   Thumb Code     6  stm32f10x_tim.o(.text)
    TIM_GetFlagStatus                        0x080025b7   Thumb Code    18  stm32f10x_tim.o(.text)
    TIM_ClearFlag                            0x080025c9   Thumb Code     6  stm32f10x_tim.o(.text)
    TIM_GetITStatus                          0x080025cf   Thumb Code    34  stm32f10x_tim.o(.text)
    TIM_ClearITPendingBit                    0x080025f1   Thumb Code     6  stm32f10x_tim.o(.text)
    USART_DeInit                             0x080025f9   Thumb Code   134  stm32f10x_usart.o(.text)
    USART_Init                               0x0800267f   Thumb Code   210  stm32f10x_usart.o(.text)
    USART_StructInit                         0x08002751   Thumb Code    24  stm32f10x_usart.o(.text)
    USART_ClockInit                          0x08002769   Thumb Code    34  stm32f10x_usart.o(.text)
    USART_ClockStructInit                    0x0800278b   Thumb Code    12  stm32f10x_usart.o(.text)
    USART_Cmd                                0x08002797   Thumb Code    24  stm32f10x_usart.o(.text)
    USART_ITConfig                           0x080027af   Thumb Code    74  stm32f10x_usart.o(.text)
    USART_DMACmd                             0x080027f9   Thumb Code    18  stm32f10x_usart.o(.text)
    USART_SetAddress                         0x0800280b   Thumb Code    18  stm32f10x_usart.o(.text)
    USART_WakeUpConfig                       0x0800281d   Thumb Code    18  stm32f10x_usart.o(.text)
    USART_ReceiverWakeUpCmd                  0x0800282f   Thumb Code    24  stm32f10x_usart.o(.text)
    USART_LINBreakDetectLengthConfig         0x08002847   Thumb Code    18  stm32f10x_usart.o(.text)
    USART_LINCmd                             0x08002859   Thumb Code    24  stm32f10x_usart.o(.text)
    USART_SendData                           0x08002871   Thumb Code     8  stm32f10x_usart.o(.text)
    USART_ReceiveData                        0x08002879   Thumb Code    10  stm32f10x_usart.o(.text)
    USART_SendBreak                          0x08002883   Thumb Code    10  stm32f10x_usart.o(.text)
    USART_SetGuardTime                       0x0800288d   Thumb Code    16  stm32f10x_usart.o(.text)
    USART_SetPrescaler                       0x0800289d   Thumb Code    16  stm32f10x_usart.o(.text)
    USART_SmartCardCmd                       0x080028ad   Thumb Code    24  stm32f10x_usart.o(.text)
    USART_SmartCardNACKCmd                   0x080028c5   Thumb Code    24  stm32f10x_usart.o(.text)
    USART_HalfDuplexCmd                      0x080028dd   Thumb Code    24  stm32f10x_usart.o(.text)
    USART_OverSampling8Cmd                   0x080028f5   Thumb Code    22  stm32f10x_usart.o(.text)
    USART_OneBitMethodCmd                    0x0800290b   Thumb Code    24  stm32f10x_usart.o(.text)
    USART_IrDAConfig                         0x08002923   Thumb Code    18  stm32f10x_usart.o(.text)
    USART_IrDACmd                            0x08002935   Thumb Code    24  stm32f10x_usart.o(.text)
    USART_GetFlagStatus                      0x0800294d   Thumb Code    26  stm32f10x_usart.o(.text)
    USART_ClearFlag                          0x08002967   Thumb Code    18  stm32f10x_usart.o(.text)
    USART_GetITStatus                        0x08002979   Thumb Code    84  stm32f10x_usart.o(.text)
    USART_ClearITPendingBit                  0x080029cd   Thumb Code    52  stm32f10x_usart.o(.text)
    EXTI_DeInit                              0x08002a01   Thumb Code    28  stm32f10x_exti.o(.text)
    EXTI_Init                                0x08002a1d   Thumb Code   142  stm32f10x_exti.o(.text)
    EXTI_StructInit                          0x08002aab   Thumb Code    16  stm32f10x_exti.o(.text)
    EXTI_GenerateSWInterrupt                 0x08002abb   Thumb Code    16  stm32f10x_exti.o(.text)
    EXTI_GetFlagStatus                       0x08002acb   Thumb Code    22  stm32f10x_exti.o(.text)
    EXTI_ClearFlag                           0x08002ae1   Thumb Code     8  stm32f10x_exti.o(.text)
    EXTI_GetITStatus                         0x08002ae9   Thumb Code    34  stm32f10x_exti.o(.text)
    EXTI_ClearITPendingBit                   0x08002b0b   Thumb Code     8  stm32f10x_exti.o(.text)
    __use_no_semihosting                     0x08002b1d   Thumb Code     2  use_no_semi_2.o(.text)
    __2printf                                0x08002b21   Thumb Code    20  noretval__2printf.o(.text)
    __2sprintf                               0x08002b39   Thumb Code    34  noretval__2sprintf.o(.text)
    _printf_int_dec                          0x08002b61   Thumb Code   104  _printf_dec.o(.text)
    __printf                                 0x08002bd9   Thumb Code   270  __printf_wp.o(.text)
    strlen                                   0x08002ce7   Thumb Code    62  strlen.o(.text)
    strcat                                   0x08002d25   Thumb Code    24  strcat.o(.text)
    __aeabi_memcpy4                          0x08002d3d   Thumb Code     0  rt_memcpy_w.o(.text)
    __aeabi_memcpy8                          0x08002d3d   Thumb Code     0  rt_memcpy_w.o(.text)
    __rt_memcpy_w                            0x08002d3d   Thumb Code   100  rt_memcpy_w.o(.text)
    _memcpy_lastbytes_aligned                0x08002d85   Thumb Code     0  rt_memcpy_w.o(.text)
    __use_two_region_memory                  0x08002da1   Thumb Code     2  heapauxi.o(.text)
    __rt_heap_escrow$2region                 0x08002da3   Thumb Code     2  heapauxi.o(.text)
    __rt_heap_expand$2region                 0x08002da5   Thumb Code     2  heapauxi.o(.text)
    __I$use$semihosting                      0x08002da7   Thumb Code     0  use_no_semi.o(.text)
    __use_no_semihosting_swi                 0x08002da7   Thumb Code     2  use_no_semi.o(.text)
    _printf_int_common                       0x08002da9   Thumb Code   178  _printf_intcommon.o(.text)
    __lib_sel_fp_printf                      0x08002e5b   Thumb Code     2  _printf_fp_dec.o(.text)
    _printf_fp_dec_real                      0x08003009   Thumb Code   620  _printf_fp_dec.o(.text)
    _printf_char_common                      0x0800327f   Thumb Code    32  _printf_char_common.o(.text)
    _sputc                                   0x080032a5   Thumb Code    10  _sputc.o(.text)
    _printf_char_file                        0x080032b1   Thumb Code    32  _printf_char_file.o(.text)
    __rt_locale                              0x080032d5   Thumb Code     8  rt_locale_intlibspace.o(.text)
    _ll_udiv10                               0x080032dd   Thumb Code   138  lludiv10.o(.text)
    _printf_fp_infnan                        0x08003369   Thumb Code   112  _printf_fp_infnan.o(.text)
    _btod_etento                             0x080033e9   Thumb Code   216  bigflt0.o(.text)
    ferror                                   0x080034c5   Thumb Code     8  ferror.o(.text)
    __user_libspace                          0x080034cd   Thumb Code     8  libspace.o(.text)
    __user_perproc_libspace                  0x080034cd   Thumb Code     0  libspace.o(.text)
    __user_perthread_libspace                0x080034cd   Thumb Code     0  libspace.o(.text)
    __user_setup_stackheap                   0x080034d5   Thumb Code    74  sys_stackheap_outer.o(.text)
    exit                                     0x0800351f   Thumb Code    18  exit.o(.text)
    strcmp                                   0x08003531   Thumb Code   128  strcmpv7m.o(.text)
    _btod_d2e                                0x080035b1   Thumb Code    62  btod.o(CL$$btod_d2e)
    _d2e_denorm_low                          0x080035ef   Thumb Code    70  btod.o(CL$$btod_d2e_denorm_low)
    _d2e_norm_op1                            0x08003635   Thumb Code    96  btod.o(CL$$btod_d2e_norm_op1)
    __btod_div_common                        0x08003695   Thumb Code   696  btod.o(CL$$btod_div_common)
    _e2e                                     0x080039cd   Thumb Code   198  btod.o(CL$$btod_e2e)
    _btod_ediv                               0x08003a93   Thumb Code    40  btod.o(CL$$btod_ediv)
    _btod_emul                               0x08003abb   Thumb Code    40  btod.o(CL$$btod_emul)
    __btod_mult_common                       0x08003ae3   Thumb Code   580  btod.o(CL$$btod_mult_common)
    __ARM_fpclassify                         0x08003d27   Thumb Code    40  fpclassify.o(i.__ARM_fpclassify)
    _is_digit                                0x08003d4f   Thumb Code    14  __printf_wp.o(i._is_digit)
    _get_lc_numeric                          0x08003d5d   Thumb Code    44  lc_numeric_c.o(locale$$code)
    __aeabi_d2f                              0x08003d89   Thumb Code     0  d2f.o(x$fpl$d2f)
    _d2f                                     0x08003d89   Thumb Code    98  d2f.o(x$fpl$d2f)
    __aeabi_ddiv                             0x08003ded   Thumb Code     0  ddiv.o(x$fpl$ddiv)
    _ddiv                                    0x08003ded   Thumb Code   552  ddiv.o(x$fpl$ddiv)
    __fpl_dnaninf                            0x0800409d   Thumb Code   156  dnaninf.o(x$fpl$dnaninf)
    __fpl_dretinf                            0x08004139   Thumb Code    12  dretinf.o(x$fpl$dretinf)
    __aeabi_f2d                              0x08004145   Thumb Code     0  f2d.o(x$fpl$f2d)
    _f2d                                     0x08004145   Thumb Code    86  f2d.o(x$fpl$f2d)
    __aeabi_fadd                             0x0800419d   Thumb Code     0  faddsub_clz.o(x$fpl$fadd)
    _fadd                                    0x0800419d   Thumb Code   196  faddsub_clz.o(x$fpl$fadd)
    __fpl_fcmp_Inf                           0x08004261   Thumb Code    24  fcmpi.o(x$fpl$fcmpinf)
    __aeabi_fdiv                             0x08004279   Thumb Code     0  fdiv.o(x$fpl$fdiv)
    _fdiv                                    0x08004279   Thumb Code   384  fdiv.o(x$fpl$fdiv)
    __aeabi_cfcmpeq                          0x080043fd   Thumb Code     0  feqf.o(x$fpl$feqf)
    _fcmpeq                                  0x080043fd   Thumb Code   104  feqf.o(x$fpl$feqf)
    __aeabi_ui2f                             0x08004465   Thumb Code     0  fflt_clz.o(x$fpl$ffltu)
    _ffltu                                   0x08004465   Thumb Code    38  fflt_clz.o(x$fpl$ffltu)
    __aeabi_cfcmple                          0x0800448d   Thumb Code     0  fleqf.o(x$fpl$fleqf)
    _fcmple                                  0x0800448d   Thumb Code   104  fleqf.o(x$fpl$fleqf)
    __fpl_fcmple_InfNaN                      0x080044df   Thumb Code     0  fleqf.o(x$fpl$fleqf)
    __aeabi_fmul                             0x080044f5   Thumb Code     0  fmul.o(x$fpl$fmul)
    _fmul                                    0x080044f5   Thumb Code   258  fmul.o(x$fpl$fmul)
    __fpl_fnaninf                            0x080045f7   Thumb Code   140  fnaninf.o(x$fpl$fnaninf)
    __fpl_fretinf                            0x08004683   Thumb Code    10  fretinf.o(x$fpl$fretinf)
    __aeabi_cfrcmple                         0x0800468d   Thumb Code     0  frleqf.o(x$fpl$frleqf)
    _frcmple                                 0x0800468d   Thumb Code    98  frleqf.o(x$fpl$frleqf)
    __aeabi_fsub                             0x080046f1   Thumb Code     0  faddsub_clz.o(x$fpl$fsub)
    _fsub                                    0x080046f1   Thumb Code   234  faddsub_clz.o(x$fpl$fsub)
    _printf_fp_dec                           0x080047db   Thumb Code     4  printf1.o(x$fpl$printf1)
    __I$use$fp                               0x080047de   Number         0  usenofp.o(x$fpl$usenofp)
    Region$$Table$$Base                      0x08004904   Number         0  anon$$obj.o(Region$$Table)
    Region$$Table$$Limit                     0x08004924   Number         0  anon$$obj.o(Region$$Table)
    SystemCoreClock                          0x20000004   Data           4  system_stm32f10x.o(.data)
    AHBPrescTable                            0x20000008   Data          16  system_stm32f10x.o(.data)
    tim4flag                                 0x20000022   Data           2  timer.o(.data)
    distancevalue                            0x20000024   Data           4  timer.o(.data)
    motorv                                   0x2000002c   Data           4  timer.o(.data)
    __stdout                                 0x20000038   Data           4  usart.o(.data)
    USART_RX_STA                             0x2000003c   Data           2  usart.o(.data)
    _measureFlag                             0x20000054   Data          12  flagconfig.o(.bss)
    USART_RX_BUF                             0x20000060   Data          36  usart.o(.bss)
    __libspace_start                         0x20000084   Data          96  libspace.o(.bss)
    __temporary_stack_top$libspace           0x200000e4   Data           0  libspace.o(.bss)



==============================================================================

Memory Map of the image

  Image Entry point : 0x080000ed

  Load Region LR_IROM1 (Base: 0x08000000, Size: 0x00004994, Max: 0x00010000, ABSOLUTE)

    Execution Region ER_IROM1 (Base: 0x08000000, Size: 0x00004940, Max: 0x00010000, ABSOLUTE)

    Base Addr    Size         Type   Attr      Idx    E Section Name        Object

    0x08000000   0x000000ec   Data   RO          339    RESET               startup_stm32f10x_md.o
    0x080000ec   0x00000008   Code   RO          465  * !!!main             c_w.l(__main.o)
    0x080000f4   0x00000034   Code   RO          725    !!!scatter          c_w.l(__scatter.o)
    0x08000128   0x0000001a   Code   RO          727    !!handler_copy      c_w.l(__scatter_copy.o)
    0x08000142   0x00000002   PAD
    0x08000144   0x0000001c   Code   RO          729    !!handler_zi        c_w.l(__scatter_zi.o)
    0x08000160   0x00000000   Code   RO          456    .ARM.Collect$$_printf_percent$$00000000  c_w.l(_printf_percent.o)
    0x08000160   0x00000006   Code   RO          455    .ARM.Collect$$_printf_percent$$00000003  c_w.l(_printf_f.o)
    0x08000166   0x00000006   Code   RO          454    .ARM.Collect$$_printf_percent$$00000009  c_w.l(_printf_d.o)
    0x0800016c   0x00000004   Code   RO          512    .ARM.Collect$$_printf_percent$$00000017  c_w.l(_printf_percent_end.o)
    0x08000170   0x00000002   Code   RO          602    .ARM.Collect$$libinit$$00000000  c_w.l(libinit.o)
    0x08000172   0x00000000   Code   RO          604    .ARM.Collect$$libinit$$00000002  c_w.l(libinit2.o)
    0x08000172   0x00000000   Code   RO          606    .ARM.Collect$$libinit$$00000004  c_w.l(libinit2.o)
    0x08000172   0x00000000   Code   RO          609    .ARM.Collect$$libinit$$0000000A  c_w.l(libinit2.o)
    0x08000172   0x00000000   Code   RO          611    .ARM.Collect$$libinit$$0000000C  c_w.l(libinit2.o)
    0x08000172   0x00000000   Code   RO          613    .ARM.Collect$$libinit$$0000000E  c_w.l(libinit2.o)
    0x08000172   0x00000006   Code   RO          614    .ARM.Collect$$libinit$$0000000F  c_w.l(libinit2.o)
    0x08000178   0x00000000   Code   RO          616    .ARM.Collect$$libinit$$00000011  c_w.l(libinit2.o)
    0x08000178   0x00000000   Code   RO          618    .ARM.Collect$$libinit$$00000013  c_w.l(libinit2.o)
    0x08000178   0x00000000   Code   RO          620    .ARM.Collect$$libinit$$00000015  c_w.l(libinit2.o)
    0x08000178   0x0000000a   Code   RO          621    .ARM.Collect$$libinit$$00000016  c_w.l(libinit2.o)
    0x08000182   0x00000000   Code   RO          622    .ARM.Collect$$libinit$$00000017  c_w.l(libinit2.o)
    0x08000182   0x00000000   Code   RO          624    .ARM.Collect$$libinit$$00000019  c_w.l(libinit2.o)
    0x08000182   0x00000000   Code   RO          626    .ARM.Collect$$libinit$$0000001B  c_w.l(libinit2.o)
    0x08000182   0x00000000   Code   RO          628    .ARM.Collect$$libinit$$0000001D  c_w.l(libinit2.o)
    0x08000182   0x00000000   Code   RO          630    .ARM.Collect$$libinit$$0000001F  c_w.l(libinit2.o)
    0x08000182   0x00000000   Code   RO          632    .ARM.Collect$$libinit$$00000021  c_w.l(libinit2.o)
    0x08000182   0x00000000   Code   RO          634    .ARM.Collect$$libinit$$00000023  c_w.l(libinit2.o)
    0x08000182   0x00000000   Code   RO          636    .ARM.Collect$$libinit$$00000025  c_w.l(libinit2.o)
    0x08000182   0x00000000   Code   RO          640    .ARM.Collect$$libinit$$0000002C  c_w.l(libinit2.o)
    0x08000182   0x00000000   Code   RO          642    .ARM.Collect$$libinit$$0000002E  c_w.l(libinit2.o)
    0x08000182   0x00000000   Code   RO          644    .ARM.Collect$$libinit$$00000030  c_w.l(libinit2.o)
    0x08000182   0x00000000   Code   RO          646    .ARM.Collect$$libinit$$00000032  c_w.l(libinit2.o)
    0x08000182   0x00000002   Code   RO          647    .ARM.Collect$$libinit$$00000033  c_w.l(libinit2.o)
    0x08000184   0x00000002   Code   RO          675    .ARM.Collect$$libshutdown$$00000000  c_w.l(libshutdown.o)
    0x08000186   0x00000000   Code   RO          684    .ARM.Collect$$libshutdown$$00000002  c_w.l(libshutdown2.o)
    0x08000186   0x00000000   Code   RO          686    .ARM.Collect$$libshutdown$$00000004  c_w.l(libshutdown2.o)
    0x08000186   0x00000000   Code   RO          689    .ARM.Collect$$libshutdown$$00000007  c_w.l(libshutdown2.o)
    0x08000186   0x00000000   Code   RO          692    .ARM.Collect$$libshutdown$$0000000A  c_w.l(libshutdown2.o)
    0x08000186   0x00000000   Code   RO          694    .ARM.Collect$$libshutdown$$0000000C  c_w.l(libshutdown2.o)
    0x08000186   0x00000000   Code   RO          697    .ARM.Collect$$libshutdown$$0000000F  c_w.l(libshutdown2.o)
    0x08000186   0x00000002   Code   RO          698    .ARM.Collect$$libshutdown$$00000010  c_w.l(libshutdown2.o)
    0x08000188   0x00000000   Code   RO          501    .ARM.Collect$$rtentry$$00000000  c_w.l(__rtentry.o)
    0x08000188   0x00000000   Code   RO          527    .ARM.Collect$$rtentry$$00000002  c_w.l(__rtentry2.o)
    0x08000188   0x00000006   Code   RO          539    .ARM.Collect$$rtentry$$00000004  c_w.l(__rtentry4.o)
    0x0800018e   0x00000000   Code   RO          529    .ARM.Collect$$rtentry$$00000009  c_w.l(__rtentry2.o)
    0x0800018e   0x00000004   Code   RO          530    .ARM.Collect$$rtentry$$0000000A  c_w.l(__rtentry2.o)
    0x08000192   0x00000000   Code   RO          532    .ARM.Collect$$rtentry$$0000000C  c_w.l(__rtentry2.o)
    0x08000192   0x00000008   Code   RO          533    .ARM.Collect$$rtentry$$0000000D  c_w.l(__rtentry2.o)
    0x0800019a   0x00000002   Code   RO          648    .ARM.Collect$$rtexit$$00000000  c_w.l(rtexit.o)
    0x0800019c   0x00000000   Code   RO          655    .ARM.Collect$$rtexit$$00000002  c_w.l(rtexit2.o)
    0x0800019c   0x00000004   Code   RO          656    .ARM.Collect$$rtexit$$00000003  c_w.l(rtexit2.o)
    0x080001a0   0x00000006   Code   RO          657    .ARM.Collect$$rtexit$$00000004  c_w.l(rtexit2.o)
    0x080001a6   0x00000002   PAD
    0x080001a8   0x000004c8   Code   RO            1    .text               main.o
    0x08000670   0x0000001a   Code   RO          131    .text               stm32f10x_it.o
    0x0800068a   0x00000002   PAD
    0x0800068c   0x00000100   Code   RO          172    .text               system_stm32f10x.o
    0x0800078c   0x00000018   Code   RO          190    .text               flagconfig.o
    0x080007a4   0x0000003c   Code   RO          215    .text               led.o
    0x080007e0   0x00000108   Code   RO          227    .text               key.o
    0x080008e8   0x000003a4   Code   RO          240    .text               timer.o
    0x08000c8c   0x00000070   Code   RO          258    .text               exti.o
    0x08000cfc   0x000000d4   Code   RO          273    .text               delay.o
    0x08000dd0   0x000001f0   Code   RO          304    .text               usart.o
    0x08000fc0   0x00000040   Code   RO          340    .text               startup_stm32f10x_md.o
    0x08001000   0x000000dc   Code   RO          344    .text               misc.o
    0x080010dc   0x0000035c   Code   RO          356    .text               stm32f10x_gpio.o
    0x08001438   0x000003a4   Code   RO          368    .text               stm32f10x_rcc.o
    0x080017dc   0x00000e1a   Code   RO          382    .text               stm32f10x_tim.o
    0x080025f6   0x00000002   PAD
    0x080025f8   0x00000408   Code   RO          394    .text               stm32f10x_usart.o
    0x08002a00   0x0000011c   Code   RO          406    .text               stm32f10x_exti.o
    0x08002b1c   0x00000002   Code   RO          420    .text               c_w.l(use_no_semi_2.o)
    0x08002b1e   0x00000002   PAD
    0x08002b20   0x00000018   Code   RO          426    .text               c_w.l(noretval__2printf.o)
    0x08002b38   0x00000028   Code   RO          428    .text               c_w.l(noretval__2sprintf.o)
    0x08002b60   0x00000078   Code   RO          432    .text               c_w.l(_printf_dec.o)
    0x08002bd8   0x0000010e   Code   RO          442    .text               c_w.l(__printf_wp.o)
    0x08002ce6   0x0000003e   Code   RO          457    .text               c_w.l(strlen.o)
    0x08002d24   0x00000018   Code   RO          459    .text               c_w.l(strcat.o)
    0x08002d3c   0x00000064   Code   RO          461    .text               c_w.l(rt_memcpy_w.o)
    0x08002da0   0x00000006   Code   RO          463    .text               c_w.l(heapauxi.o)
    0x08002da6   0x00000002   Code   RO          499    .text               c_w.l(use_no_semi.o)
    0x08002da8   0x000000b2   Code   RO          502    .text               c_w.l(_printf_intcommon.o)
    0x08002e5a   0x0000041a   Code   RO          504    .text               c_w.l(_printf_fp_dec.o)
    0x08003274   0x00000030   Code   RO          506    .text               c_w.l(_printf_char_common.o)
    0x080032a4   0x0000000a   Code   RO          508    .text               c_w.l(_sputc.o)
    0x080032ae   0x00000002   PAD
    0x080032b0   0x00000024   Code   RO          510    .text               c_w.l(_printf_char_file.o)
    0x080032d4   0x00000008   Code   RO          544    .text               c_w.l(rt_locale_intlibspace.o)
    0x080032dc   0x0000008a   Code   RO          546    .text               c_w.l(lludiv10.o)
    0x08003366   0x00000002   PAD
    0x08003368   0x00000080   Code   RO          548    .text               c_w.l(_printf_fp_infnan.o)
    0x080033e8   0x000000dc   Code   RO          552    .text               c_w.l(bigflt0.o)
    0x080034c4   0x00000008   Code   RO          577    .text               c_w.l(ferror.o)
    0x080034cc   0x00000008   Code   RO          588    .text               c_w.l(libspace.o)
    0x080034d4   0x0000004a   Code   RO          591    .text               c_w.l(sys_stackheap_outer.o)
    0x0800351e   0x00000012   Code   RO          593    .text               c_w.l(exit.o)
    0x08003530   0x00000080   Code   RO          595    .text               c_w.l(strcmpv7m.o)
    0x080035b0   0x0000003e   Code   RO          555    CL$$btod_d2e        c_w.l(btod.o)
    0x080035ee   0x00000046   Code   RO          557    CL$$btod_d2e_denorm_low  c_w.l(btod.o)
    0x08003634   0x00000060   Code   RO          556    CL$$btod_d2e_norm_op1  c_w.l(btod.o)
    0x08003694   0x00000338   Code   RO          565    CL$$btod_div_common  c_w.l(btod.o)
    0x080039cc   0x000000c6   Code   RO          562    CL$$btod_e2e        c_w.l(btod.o)
    0x08003a92   0x00000028   Code   RO          559    CL$$btod_ediv       c_w.l(btod.o)
    0x08003aba   0x00000028   Code   RO          558    CL$$btod_emul       c_w.l(btod.o)
    0x08003ae2   0x00000244   Code   RO          564    CL$$btod_mult_common  c_w.l(btod.o)
    0x08003d26   0x00000028   Code   RO          586    i.__ARM_fpclassify  m_ws.l(fpclassify.o)
    0x08003d4e   0x0000000e   Code   RO          444    i._is_digit         c_w.l(__printf_wp.o)
    0x08003d5c   0x0000002c   Code   RO          582    locale$$code        c_w.l(lc_numeric_c.o)
    0x08003d88   0x00000062   Code   RO          467    x$fpl$d2f           fz_ws.l(d2f.o)
    0x08003dea   0x00000002   PAD
    0x08003dec   0x000002b0   Code   RO          470    x$fpl$ddiv          fz_ws.l(ddiv.o)
    0x0800409c   0x0000009c   Code   RO          513    x$fpl$dnaninf       fz_ws.l(dnaninf.o)
    0x08004138   0x0000000c   Code   RO          515    x$fpl$dretinf       fz_ws.l(dretinf.o)
    0x08004144   0x00000056   Code   RO          473    x$fpl$f2d           fz_ws.l(f2d.o)
    0x0800419a   0x00000002   PAD
    0x0800419c   0x000000c4   Code   RO          475    x$fpl$fadd          fz_ws.l(faddsub_clz.o)
    0x08004260   0x00000018   Code   RO          517    x$fpl$fcmpinf       fz_ws.l(fcmpi.o)
    0x08004278   0x00000184   Code   RO          482    x$fpl$fdiv          fz_ws.l(fdiv.o)
    0x080043fc   0x00000068   Code   RO          485    x$fpl$feqf          fz_ws.l(feqf.o)
    0x08004464   0x00000026   Code   RO          487    x$fpl$ffltu         fz_ws.l(fflt_clz.o)
    0x0800448a   0x00000002   PAD
    0x0800448c   0x00000068   Code   RO          519    x$fpl$fleqf         fz_ws.l(fleqf.o)
    0x080044f4   0x00000102   Code   RO          493    x$fpl$fmul          fz_ws.l(fmul.o)
    0x080045f6   0x0000008c   Code   RO          521    x$fpl$fnaninf       fz_ws.l(fnaninf.o)
    0x08004682   0x0000000a   Code   RO          523    x$fpl$fretinf       fz_ws.l(fretinf.o)
    0x0800468c   0x00000062   Code   RO          495    x$fpl$frleqf        fz_ws.l(frleqf.o)
    0x080046ee   0x00000002   PAD
    0x080046f0   0x000000ea   Code   RO          477    x$fpl$fsub          fz_ws.l(faddsub_clz.o)
    0x080047da   0x00000004   Code   RO          497    x$fpl$printf1       fz_ws.l(printf1.o)
    0x080047de   0x00000000   Code   RO          525    x$fpl$usenofp       fz_ws.l(usenofp.o)
    0x080047de   0x00000002   PAD
    0x080047e0   0x00000090   Data   RO            2    .constdata          main.o
    0x08004870   0x00000094   Data   RO          553    .constdata          c_w.l(bigflt0.o)
    0x08004904   0x00000020   Data   RO          723    Region$$Table       anon$$obj.o
    0x08004924   0x0000001c   Data   RO          581    locale$$data        c_w.l(lc_numeric_c.o)


    Execution Region RW_IRAM1 (Base: 0x20000000, Size: 0x000006e8, Max: 0x00005000, ABSOLUTE)

    Base Addr    Size         Type   Attr      Idx    E Section Name        Object

    0x20000000   0x00000001   Data   RW            3    .data               main.o
    0x20000001   0x00000003   PAD
    0x20000004   0x00000014   Data   RW          173    .data               system_stm32f10x.o
    0x20000018   0x00000001   Data   RW          228    .data               key.o
    0x20000019   0x00000003   PAD
    0x2000001c   0x00000017   Data   RW          241    .data               timer.o
    0x20000033   0x00000001   PAD
    0x20000034   0x00000004   Data   RW          274    .data               delay.o
    0x20000038   0x00000006   Data   RW          306    .data               usart.o
    0x2000003e   0x00000014   Data   RW          369    .data               stm32f10x_rcc.o
    0x20000052   0x00000002   PAD
    0x20000054   0x0000000c   Zero   RW          191    .bss                flagconfig.o
    0x20000060   0x00000024   Zero   RW          305    .bss                usart.o
    0x20000084   0x00000060   Zero   RW          589    .bss                c_w.l(libspace.o)
    0x200000e4   0x00000004   PAD
    0x200000e8   0x00000200   Zero   RW          338    HEAP                startup_stm32f10x_md.o
    0x200002e8   0x00000400   Zero   RW          337    STACK               startup_stm32f10x_md.o


==============================================================================

Image component sizes


      Code (inc. data)   RO Data    RW Data    ZI Data      Debug   Object Name

       212         18          0          4          0        987   delay.o
       112          6          0          0          0        670   exti.o
        24          6          0          0         12       1087   flagconfig.o
       264         16          0          1          0        812   key.o
        60          4          0          0          0        459   led.o
      1224         96        144          1          0     256004   main.o
       220         22          0          0          0       1745   misc.o
        64         26        236          0       1536        772   startup_stm32f10x_md.o
       284         10          0          0          0       2199   stm32f10x_exti.o
       860         38          0          0          0       5677   stm32f10x_gpio.o
        26          0          0          0          0       1150   stm32f10x_it.o
       932         36          0         20          0       8824   stm32f10x_rcc.o
      3610         88          0          0          0      22784   stm32f10x_tim.o
      1032         22          0          0          0       8400   stm32f10x_usart.o
         0          0          0          0          0         32   sys.o
       256         34          0         20          0       1315   system_stm32f10x.o
       932         80          0         23          0       2810   timer.o
       496         22          0          6         36       3907   usart.o

    ----------------------------------------------------------------------
     10612        524        412         84       1584     319634   Object Totals
         0          0         32          0          0          0   (incl. Generated)
         4          0          0          9          0          0   (incl. Padding)

    ----------------------------------------------------------------------

      Code (inc. data)   RO Data    RW Data    ZI Data      Debug   Library Member Name

         8          0          0          0          0         68   __main.o
       284          0          0          0          0        156   __printf_wp.o
         0          0          0          0          0          0   __rtentry.o
        12          0          0          0          0          0   __rtentry2.o
         6          0          0          0          0          0   __rtentry4.o
        52          8          0          0          0          0   __scatter.o
        26          0          0          0          0          0   __scatter_copy.o
        28          0          0          0          0          0   __scatter_zi.o
        48          6          0          0          0         96   _printf_char_common.o
        36          4          0          0          0         80   _printf_char_file.o
         6          0          0          0          0          0   _printf_d.o
       120         16          0          0          0         92   _printf_dec.o
         6          0          0          0          0          0   _printf_f.o
      1050          0          0          0          0        216   _printf_fp_dec.o
       128         16          0          0          0         84   _printf_fp_infnan.o
       178          0          0          0          0         88   _printf_intcommon.o
         0          0          0          0          0          0   _printf_percent.o
         4          0          0          0          0          0   _printf_percent_end.o
        10          0          0          0          0         68   _sputc.o
       220          4        148          0          0         96   bigflt0.o
      1910        128          0          0          0        672   btod.o
        18          0          0          0          0         80   exit.o
         8          0          0          0          0         68   ferror.o
         6          0          0          0          0        152   heapauxi.o
        44         10         28          0          0         76   lc_numeric_c.o
         2          0          0          0          0          0   libinit.o
        18          0          0          0          0          0   libinit2.o
         2          0          0          0          0          0   libshutdown.o
         2          0          0          0          0          0   libshutdown2.o
         8          4          0          0         96         68   libspace.o
       138          0          0          0          0         80   lludiv10.o
        24          4          0          0          0         84   noretval__2printf.o
        40          6          0          0          0         84   noretval__2sprintf.o
         8          4          0          0          0         68   rt_locale_intlibspace.o
       100          0          0          0          0         80   rt_memcpy_w.o
         2          0          0          0          0          0   rtexit.o
        10          0          0          0          0          0   rtexit2.o
        24          0          0          0          0         68   strcat.o
       128          0          0          0          0         68   strcmpv7m.o
        62          0          0          0          0         76   strlen.o
        74          0          0          0          0         80   sys_stackheap_outer.o
         2          0          0          0          0         68   use_no_semi.o
         2          0          0          0          0         68   use_no_semi_2.o
        98          4          0          0          0         92   d2f.o
       688        140          0          0          0        208   ddiv.o
       156          4          0          0          0         92   dnaninf.o
        12          0          0          0          0         68   dretinf.o
        86          4          0          0          0         84   f2d.o
       430          8          0          0          0        168   faddsub_clz.o
        24          0          0          0          0         68   fcmpi.o
       388         76          0          0          0         96   fdiv.o
       104          4          0          0          0         84   feqf.o
        38          0          0          0          0         68   fflt_clz.o
       104          4          0          0          0         84   fleqf.o
       258          4          0          0          0         84   fmul.o
       140          4          0          0          0         84   fnaninf.o
        10          0          0          0          0         68   fretinf.o
        98          0          0          0          0         68   frleqf.o
         4          0          0          0          0         68   printf1.o
         0          0          0          0          0          0   usenofp.o
        40          0          0          0          0         68   fpclassify.o

    ----------------------------------------------------------------------
      7552        462        176          0        100       4536   Library Totals
        20          0          0          0          4          0   (incl. Padding)

    ----------------------------------------------------------------------

      Code (inc. data)   RO Data    RW Data    ZI Data      Debug   Library Name

      4854        210        176          0         96       2984   c_w.l
      2638        252          0          0          0       1484   fz_ws.l
        40          0          0          0          0         68   m_ws.l

    ----------------------------------------------------------------------
      7552        462        176          0        100       4536   Library Totals

    ----------------------------------------------------------------------

==============================================================================


      Code (inc. data)   RO Data    RW Data    ZI Data      Debug   

     18164        986        588         84       1684     320266   Grand Totals
     18164        986        588         84       1684     320266   ELF Image Totals
     18164        986        588         84          0          0   ROM Totals

==============================================================================

    Total RO  Size (Code + RO Data)                18752 (  18.31kB)
    Total RW  Size (RW Data + ZI Data)              1768 (   1.73kB)
    Total ROM Size (Code + RO Data + RW Data)      18836 (  18.39kB)

==============================================================================

